Script started on Thu 20 Nov 2014 09:22:43 PM PST
~
pstar001@hammer $ cs100 
[0;91m
===============================================================================
|                                                                             |
| You have enabled settings specific for cs100.                               |
|                                                                             |
===============================================================================
[0m
[s%%%%%%%%%%[u[0;32mpstar001[0;36m@[0;32mcs100[0;36m:[0;32m~[0;95m [0;36m$[0m cd CS100/rshell/
[s%%%%%%%%%%[u[0;32mpstar001[0;36m@[0;32mcs100[0;36m:[0;32m~/CS100/rshell[0;95m (actually_works) [0;36m$[0m make
([ ! -d bin/ ] && mkdir bin) || [ -d bin/ ] 
g++  -W -Wall -Werror -ansi -pedantic  src/rshell.cpp -o bin/rshell
([ ! -d bin/ ] && mkdir bin) || [ -d bin/ ]
g++  -W -Wall -Werror -ansi -pedantic  src/cp.cpp -o bin/cp
([ ! -d bin/ ] && mkdir bin) || [ -d bin/ ]
g++  -W -Wall -Werror -ansi -pedantic  src/ls.cpp -o bin/ls
[s%%%%%%%%%%[u[0;32mpstar001[0;36m@[0;32mcs100[0;36m:[0;32m~/CS100/rshell[0;95m (actually_works) [0;36m$[0m cd src/
[s%%%%%%%%%%[u[0;32mpstar001[0;36m@[0;32mcs100[0;36m:[0;32m~/CS100/rshell/src[0;95m (actually_works) [0;36m$[0m ls
a.out  cp.cpp  ls.cpp  main.cpp  rshell.cpp  test.cpp  testFile.cpp  Timer.h
[s%%%%%%%%%%[u[0;32mpstar001[0;36m@[0;32mcs100[0;36m:[0;32m~/CS100/rshell/src[0;95m (actually_works) [0;36m$[0m g++ rshell.cpp 
[s%%%%%%%%%%[u[0;32mpstar001[0;36m@[0;32mcs100[0;36m:[0;32m~/CS100/rshell/src[0;95m (actually_works) [0;36m$[0m .a/[K[K/a.out 
pstar001hammer.cs.ucr.edu$ cat < test.cpp
I have broken this assn so many times
I am so over this
Please grade me with a kind heart
So many sleepless nights.... ugh
This is a test file btw
yea
Hi Taeyoung

[s%%%%%%%%%%[u[0;32mpstar001[0;36m@[0;32mcs100[0;36m:[0;32m~/CS100/rshell/src[0;95m (actually_works) [0;36m$[0m ./a.out 
pstar001hammer.cs.ucr.edu$ cat < e test.cpp | te r a-z A-Z
I HAVE BROKEN THIS ASSN SO MANY TIMES
I AM SO OVER THIS
PLEASE GRADE ME WITH A KIND HEART
SO MANY SLEEPLESS NIGHTS.... UGH
THIS IS A TEST FILE BTW
YEA
HI TAEYOUNG

[s%%%%%%%%%%[u[0;32mpstar001[0;36m@[0;32mcs100[0;36m:[0;32m~/CS100/rshell/src[0;95m (actually_works) [0;36m$[0m ./a.out 
pstar001hammer.cs.ucr.edu$ cat < test.cpp | tr a-z A-Z | tee new
I HAVE BROKEN THIS ASSN SO MANY TIMES
I AM SO OVER THIS
PLEASE GRADE ME WITH A KIND HEART
SO MANY SLEEPLESS NIGHTS.... UGH
THIS IS A TEST FILE BTW
YEA
HI TAEYOUNG

[s%%%%%%%%%%[u[0;32mpstar001[0;36m@[0;32mcs100[0;36m:[0;32m~/CS100/rshell/src[0;95m (actually_works) [0;36m$[0m ls
a.out  cp.cpp  ls.cpp  main.cpp  new  rshell.cpp  test.cpp  testFile.cpp  Timer.h
[s%%%%%%%%%%[u[0;32mpstar001[0;36m@[0;32mcs100[0;36m:[0;32m~/CS100/rshell/src[0;95m (actually_works) [0;36m$[0m act new 
bash: act: command not found
[s%%%%%%%%%%[u[0;32mpstar001[0;36m@[0;32mcs100[0;36m:[0;32m~/CS100/rshell/src[0;95m (actually_works) [0;36m$[0m cat new 
I HAVE BROKEN THIS ASSN SO MANY TIMES
I AM SO OVER THIS
PLEASE GRADE ME WITH A KIND HEART
SO MANY SLEEPLESS NIGHTS.... UGH
THIS IS A TEST FILE BTW
YEA
HI TAEYOUNG

[s%%%%%%%%%%[u[0;32mpstar001[0;36m@[0;32mcs100[0;36m:[0;32m~/CS100/rshell/src[0;95m (actually_works) [0;36m$[0m cat new [K[K[K[K[K[K[K[Krm new 
[s%%%%%%%%%%[u[0;32mpstar001[0;36m@[0;32mcs100[0;36m:[0;32m~/CS100/rshell/src[0;95m (actually_works) [0;36m$[0m rm new [4hc[4lat[C[C[C[C[Cac[C[C[C[C[C[Cls[K./a.out 
pstar001hammer.cs.ucr.edu$ cat < test.cpp | te r a-z A-Z | tee new | tr A-z Z a-z > new2
[s%%%%%%%%%%[u[0;32mpstar001[0;36m@[0;32mcs100[0;36m:[0;32m~/CS100/rshell/src[0;95m (actually_works) [0;36m$[0m ls
a.out	ls.cpp	  new	rshell.cpp  testFile.cpp
cp.cpp	main.cpp  new2	test.cpp    Timer.h
[s%%%%%%%%%%[u[0;32mpstar001[0;36m@[0;32mcs100[0;36m:[0;32m~/CS100/rshell/src[0;95m (actually_works) [0;36m$[0m cat new
I HAVE BROKEN THIS ASSN SO MANY TIMES
I AM SO OVER THIS
PLEASE GRADE ME WITH A KIND HEART
SO MANY SLEEPLESS NIGHTS.... UGH
THIS IS A TEST FILE BTW
YEA
HI TAEYOUNG

[s%%%%%%%%%%[u[0;32mpstar001[0;36m@[0;32mcs100[0;36m:[0;32m~/CS100/rshell/src[0;95m (actually_works) [0;36m$[0m cat new2
i have broken this assn so many times
i am so over this
please grade me with a kind heart
so many sleepless nights.... ugh
this is a test file btw
yea
hi taeyoung

[s%%%%%%%%%%[u[0;32mpstar001[0;36m@[0;32mcs100[0;36m:[0;32m~/CS100/rshell/src[0;95m (actually_works) [0;36m$[0m rm new new2
[s%%%%%%%%%%[u[0;32mpstar001[0;36m@[0;32mcs100[0;36m:[0;32m~/CS100/rshell/src[0;95m (actually_works) [0;36m$[0m rm new new2[3Pcat[C[C[C[C[C[Kls[K./a.out 
pstar001hammer.cs.ucr.edu$ cat < test.cpp | tr -a  a-z A-z Z | tr a-z | a A-Z | tr a-z     ^[[D^[[D^[[D^[[D\                                       
tr: missing operand after `a-z'
Two strings must be given when translating.
Try `tr --help' for more information.
[s%%%%%%%%%%[u[0;32mpstar001[0;36m@[0;32mcs100[0;36m:[0;32m~/CS100/rshell/src[0;95m (actually_works) [0;36m$[0m ls
a.out  cp.cpp  ls.cpp  main.cpp  rshell.cpp  test.cpp  testFile.cpp  Timer.h
[s%%%%%%%%%%[u[0;32mpstar001[0;36m@[0;32mcs100[0;36m:[0;32m~/CS100/rshell/src[0;95m (actually_works) [0;36m$[0m ls./a.out rm new new2[3Pcat[C[C[C[C[C[4hrm [4lnew[C[C[C[C[C[3P./a.out 
pstar001hammer.cs.ucr.edu$ cat < test.cpp | tr a-z A-Z | tr a-z | a A-Z | tr ^[[D                 A-Z a-z | tr a-z A-Z | tee new | tr A-Z a-z > new2
[s%%%%%%%%%%[u[0;32mpstar001[0;36m@[0;32mcs100[0;36m:[0;32m~/CS100/rshell/src[0;95m (actually_works) [0;36m$[0m ls
a.out	ls.cpp	  new	rshell.cpp  testFile.cpp
cp.cpp	main.cpp  new2	test.cpp    Timer.h
[s%%%%%%%%%%[u[0;32mpstar001[0;36m@[0;32mcs100[0;36m:[0;32m~/CS100/rshell/src[0;95m (actually_works) [0;36m$[0m cat new
I HAVE BROKEN THIS ASSN SO MANY TIMES
I AM SO OVER THIS
PLEASE GRADE ME WITH A KIND HEART
SO MANY SLEEPLESS NIGHTS.... UGH
THIS IS A TEST FILE BTW
YEA
HI TAEYOUNG

[s%%%%%%%%%%[u[0;32mpstar001[0;36m@[0;32mcs100[0;36m:[0;32m~/CS100/rshell/src[0;95m (actually_works) [0;36m$[0m cat new2
i have broken this assn so many times
i am so over this
please grade me with a kind heart
so many sleepless nights.... ugh
this is a test file btw
yea
hi taeyoung

[s%%%%%%%%%%[u[0;32mpstar001[0;36m@[0;32mcs100[0;36m:[0;32m~/CS100/rshell/src[0;95m (actually_works) [0;36m$[0m rm new new2
[s%%%%%%%%%%[u[0;32mpstar001[0;36m@[0;32mcs100[0;36m:[0;32m~/CS100/rshell/src[0;95m (actually_works) [0;36m$[0m ls
a.out  cp.cpp  ls.cpp  main.cpp  rshell.cpp  test.cpp  testFile.cpp  Timer.h
[s%%%%%%%%%%[u[0;32mpstar001[0;36m@[0;32mcs100[0;36m:[0;32m~/CS100/rshell/src[0;95m (actually_works) [0;36m$[0m ehco[K[K[Kcho add to file >> test.cpp
[s%%%%%%%%%%[u[0;32mpstar001[0;36m@[0;32mcs100[0;36m:[0;32m~/CS100/rshell/src[0;95m (actually_works) [0;36m$[0m cat test
cat: test: No such file or directory
[s%%%%%%%%%%[u[0;32mpstar001[0;36m@[0;32mcs100[0;36m:[0;32m~/CS100/rshell/src[0;95m (actually_works) [0;36m$[0m cat test.cpp 
I have broken this assn so many times
I am so over this
Please grade me with a kind heart
So many sleepless nights.... ugh
This is a test file btw
yea
Hi Taeyoung

add to file
[s%%%%%%%%%%[u[0;32mpstar001[0;36m@[0;32mcs100[0;36m:[0;32m~/CS100/rshell/src[0;95m (actually_works) [0;36m$[0m cat test.cpp [Kecho add to file >> test.cpp[1P[1P[1P[1P[1P[1P[1P[1P[1P[1P[1P[4ho[4l[4hv[4l[4he[4l[4hr[4l[4hw[4l[4hi[4l[4ht[4l[1P[1P[1P[1P[1P[1P[1P[1P[1P[1P[1P[1P[1P[C[1P test.cpp[1P test.cpp[1Ptest.cpp[1Pest.cpp[1Pst.cpp[1Pt.cpp[1P.cpp[1Pcpp[1Ppp[C[K[Klsrm new new2[3Pcat[C[C[C[C[C[Kls[K./a.out 
pstar001hammer.cs.ucr.edu$ eco ho add to file from ym p    my pro >> test.cpp
[s%%%%%%%%%%[u[0;32mpstar001[0;36m@[0;32mcs100[0;36m:[0;32m~/CS100/rshell/src[0;95m (actually_works) [0;36m$[0m cat test.cpp 
I have broken this assn so many times
I am so over this
Please grade me with a kind heart
So many sleepless nights.... ugh
This is a test file btw
yea
Hi Taeyoung

add to file
add to file from my pro
[s%%%%%%%%%%[u[0;32mpstar001[0;36m@[0;32mcs100[0;36m:[0;32m~/CS100/rshell/src[0;95m (actually_works) [0;36m$[0m cat test.cpp [5P./a.out[C[4hcat t[4lest.cpp[C[5P./a.out[C
pstar001hammer.cs.ucr.edu$ echo overwit  rite fo iel    le > test.cpp
[s%%%%%%%%%%[u[0;32mpstar001[0;36m@[0;32mcs100[0;36m:[0;32m~/CS100/rshell/src[0;95m (actually_works) [0;36m$[0m cat test.cpp 
overwrite file
[s%%%%%%%%%%[u[0;32mpstar001[0;36m@[0;32mcs100[0;36m:[0;32m~/CS100/rshell/src[0;95m (actually_works) [0;36m$[0m cat test.cpp [5P./a.out[C[4hcat t[4lest.cpp[C[5P./a.out[C
pstar001hammer.cs.ucr.edu$ cat < test.cpp |                  echo hey ther  e > file | r tr  ech   tr a-z A-Z
dup2 32: Bad file descriptor
execvp 222: Bad address
[s%%%%%%%%%%[u[0;32mpstar001[0;36m@[0;32mcs100[0;36m:[0;32m~/CS100/rshell/src[0;95m (actually_works) [0;36m$[0m exit
exit
~
pstar001@hammer $ ls
[0m[01;32ma.out[0m*              [01;34mCS 61 Labs[0m/       hey.txt     [01;34mPictures[0m/   TOUCH2
[01;34mCS100[0m/              [01;34mDesktop[0m/          [01;32mlab1.asm~[0m*  [01;34mPublic[0m/     [01;34mucr-cs100[0m/
[01;34mCS 12 Labs[0m/         [01;34mDocuments[0m/        [01;32mLab5~[0m*      [01;34mTEMP[0m/       [01;34mVideos[0m/
[01;34mCS_14_Assignments[0m/  [01;34mDownloads[0m/        [01;36mlink[0m@       [01;34mTemplates[0m/  [01;34mWINDOWS[0m/
[01;34mCS_14_Labs[0m/         [01;32mhelloworld.asm~[0m*  [01;34mMusic[0m/      [01;34mTEST[0m/       [01;34mWord Chapter 1[0m/
[01;34mCs 61 Assignments[0m/  hey               out         text.cpp    [01;34mWord Chapter 2[0m/
[m~
pstar001@hammer $ cd CS100/rshell/
~/CS100/rshell
pstar001@hammer $ ls
[0m[01;34mbin[0m/  LICENSE  Makefile  README.md  [01;34msrc[0m/  [01;34mtests[0m/
[m~/CS100/rshell
pstar001@hammer $ cd [K[K[Kcd src/
~/CS100/rshell/src
pstar001@hammer $ ls
[0m[01;32ma.out[0m*  [01;32mecho[0m*   main.cpp    test.cpp      Timer.h
cp.cpp  ls.cpp  rshell.cpp  testFile.cpp
[m~/CS100/rshell/src
pstar001@hammer $ rm echo 
/bin/rm: remove regular empty file `echo'? y
~/CS100/rshell/src
pstar001@hammer $ rm a[K./[K[Ka.out 
/bin/rm: remove regular file `a.out'? y
~/CS100/rshell/src
pstar001@hammer $ ls
cp.cpp  ls.cpp  main.cpp  rshell.cpp  test.cpp  testFile.cpp  Timer.h
~/CS100/rshell/src
pstar001@hammer $ cd ..
~/CS100/rshell
pstar001@hammer $ ls
[0m[01;34mbin[0m/  LICENSE  Makefile  README.md  [01;34msrc[0m/  [01;34mtests[0m/
[m~/CS100/rshell
pstar001@hammer $ rm -f bin/
/bin/rm: cannot remove `bin/': Is a directory
~/CS100/rshell
pstar001@hammer $ rm -f bin/[4hr[4l
~/CS100/rshell
pstar001@hammer $ ls
LICENSE  Makefile  README.md  [0m[01;34msrc[0m/  [01;34mtests[0m/
[m~/CS100/rshell
pstar001@hammer $ cd [K[K[Kcd r[Ksrc/
~/CS100/rshell/src
pstar001@hammer $ ls
cp.cpp  ls.cpp  main.cpp  rshell.cpp  test.cpp  testFile.cpp  Timer.h
~/CS100/rshell/src
pstar001@hammer $ git br
git: 'br' is not a git command. See 'git --help'.

Did you mean this?
	var
~/CS100/rshell/src
pstar001@hammer $ git branch
  0a2f5af
  BUG
  WORKS
* actually_works
  cleanup
  exec
  hw0
  ls
  master
  redirect
  work_branch
~/CS100/rshell/src
pstar001@hammer $ git branch[K[K[K[K[K[Kadd rshell.cpp 
~/CS100/rshell/src
pstar001@hammer $ git stau[Ktus
# On branch actually_works
# Changes to be committed:
#   (use "git reset HEAD <file>..." to unstage)
#
#	modified:   rshell.cpp
#
# Changed but not updated:
#   (use "git add <file>..." to update what will be committed)
#   (use "git checkout -- <file>..." to discard changes in working directory)
#
#	modified:   test.cpp
#
# Untracked files:
#   (use "git add <file>..." to include in what will be committed)
#
#	.rshell.cpp.swp
#	testFile.cpp
#	../tests/pipe.script
~/CS100/rshell/src
pstar001@hammer $ git add ../tests/pipe.script 
~/CS100/rshell/src
pstar001@hammer $ git d[Kcommit -m "my script"
[actually_works fd8d30f] my script
 1 files changed, 6 insertions(+), 35 deletions(-)
 create mode 100644 tests/pipe.script
~/CS100/rshell/src
pstar001@hammer $ git status
# On branch actually_works
# Changed but not updated:
#   (use "git add <file>..." to update what will be committed)
#   (use "git checkout -- <file>..." to discard changes in working directory)
#
#	modified:   test.cpp
#
# Untracked files:
#   (use "git add <file>..." to include in what will be committed)
#
#	.rshell.cpp.swp
#	testFile.cpp
no changes added to commit (use "git add" and/or "git commit -a")
~/CS100/rshell/src
pstar001@hammer $ ls
cp.cpp  ls.cpp  main.cpp  rshell.cpp  test.cpp  testFile.cpp  Timer.h
~/CS100/rshell/src
pstar001@hammer $ cd s[K[K[K[Kls
cp.cpp  ls.cpp  main.cpp  rshell.cpp  test.cpp  testFile.cpp  Timer.h
~/CS100/rshell/src
pstar001@hammer $ c[Krm test
/bin/rm: cannot remove `test': No such file or directory
~/CS100/rshell/src
pstar001@hammer $ rm test.cpp 
/bin/rm: remove regular file `test.cpp'? y
~/CS100/rshell/src
pstar001@hammer $ ls
cp.cpp  ls.cpp  main.cpp  rshell.cpp  testFile.cpp  Timer.h
~/CS100/rshell/src
pstar001@hammer $ ls -al[K
[0m[01;34m.[0m/   cp.cpp  .ls.cpp.swp  .nfs00000000011852aa0000000b  .rshell.cpp.swp  Timer.h
[01;34m..[0m/  ls.cpp  main.cpp     rshell.cpp                    testFile.cpp
[m~/CS100/rshell/src
pstar001@hammer $ rm .nfs00000000011852aa0000000b 
/bin/rm: remove regular file `.nfs00000000011852aa0000000b'? y
~/CS100/rshell/src
pstar001@hammer $ rm [K[K[Kls -a
[0m[01;34m.[0m/   cp.cpp  .ls.cpp.swp  rshell.cpp       testFile.cpp
[01;34m..[0m/  ls.cpp  main.cpp     .rshell.cpp.swp  Timer.h
[m~/CS100/rshell/src
pstar001@hammer $ rm .rshell.cpp.swp 
/bin/rm: remove regular file `.rshell.cpp.swp'? y
~/CS100/rshell/src
pstar001@hammer $ tm [K[K[Krm .ls.cpp.swp 
/bin/rm: remove regular file `.ls.cpp.swp'? y
~/CS100/rshell/src
pstar001@hammer $ ls -a
[0m[01;34m.[0m/  [01;34m..[0m/  cp.cpp  ls.cpp  main.cpp  rshell.cpp  testFile.cpp  Timer.h
[m~/CS100/rshell/src
pstar001@hammer $ cd 
~
pstar001@hammer $ cd CS100/rshell/
~/CS100/rshell
pstar001@hammer $ k[K;s
bash: syntax error near unexpected token `;'
~/CS100/rshell
pstar001@hammer $ ls
LICENSE  Makefile  README.md  [0m[01;34msrc[0m/  [01;34mtests[0m/
[m~/CS100/rshell
pstar001@hammer $ git stauy[K[Ktus
# On branch actually_works
# Changed but not updated:
#   (use "git add/rm <file>..." to update what will be committed)
#   (use "git checkout -- <file>..." to discard changes in working directory)
#
#	deleted:    src/.ls.cpp.swp
#	deleted:    src/.nfs00000000011852aa0000000b
#	deleted:    src/test.cpp
#
# Untracked files:
#   (use "git add <file>..." to include in what will be committed)
#
#	src/testFile.cpp
no changes added to commit (use "git add" and/or "git commit -a")
~/CS100/rshell
pstar001@hammer $ ls
LICENSE  Makefile  README.md  [0m[01;34msrc[0m/  [01;34mtests[0m/
[m~/CS100/rshell
pstar001@hammer $ cd src/
~/CS100/rshell/src
pstar001@hammer $ ls
cp.cpp  ls.cpp  main.cpp  rshell.cpp  testFile.cpp  Timer.h
~/CS100/rshell/src
pstar001@hammer $ t[Kcat testFile.cpp 
Output redirection is pretty dope
~/CS100/rshell/src
pstar001@hammer $ rm testFile.cpp 
/bin/rm: remove regular file `testFile.cpp'? y
~/CS100/rshell/src
pstar001@hammer $ ls
cp.cpp  ls.cpp  main.cpp  rshell.cpp  Timer.h
~/CS100/rshell/src
pstar001@hammer $ git stta[K[Katus
# On branch actually_works
# Changed but not updated:
#   (use "git add/rm <file>..." to update what will be committed)
#   (use "git checkout -- <file>..." to discard changes in working directory)
#
#	deleted:    .ls.cpp.swp
#	deleted:    .nfs00000000011852aa0000000b
#	deleted:    test.cpp
#
no changes added to commit (use "git add" and/or "git commit -a")
~/CS100/rshell/src
pstar001@hammer $ ls
cp.cpp  ls.cpp  main.cpp  rshell.cpp  Timer.h
~/CS100/rshell/src
pstar001@hammer $ c[Kls
cp.cpp  ls.cpp  main.cpp  rshell.cpp  Timer.h
~/CS100/rshell/src
pstar001@hammer $ cd ..
~/CS100/rshell
pstar001@hammer $ ls
LICENSE  Makefile  README.md  [0m[01;34msrc[0m/  [01;34mtests[0m/
[m~/CS100/rshell
pstar001@hammer $ cd README.md [K[K[K[K[K[K[K[K[K[K[K[K[Kvim README.md 
7[?47h[?1h=[1;52r[m[H[2J[52;1H"README.md" 133L, 4198C[>c[1;1H[33m 22 
 23 [mLICENSE
[33m 24 
 25 [mREADME.md
[33m 26 
 27 [m./src
[33m 28 
 29 [m./tests
[33m 30 [m```
[33m 31 [m```
[33m 32 [m/src:
[33m 33 [mcp.cpp
[33m 34 [mls.cpp
[33m 35 [mmain.cpp
[33m 36 [mrshell.cpp
[33m 37 [mTimer.h
[33m 38 
 39 [m```
[33m 40 [m```
[33m 41 [m./tests:
[33m 42 [mls.script
[33m 43 [mexec.script
[33m 44 [m```
[33m 45 
 46 [mAbout Program
[33m 47 [m-------------
[33m 48 [mRSHELL
[33m 49 [m------
[33m 50 [mIn this assignment, I attempted to make a simple command shell comprising of aa[30;1H[33m    [mll the commands avaiable to me in the /usr/bin folder. This program is able too[31;1H[33m    [m execute not only the commands availabe in the folder, but also the flags assoo[32;1H[33m    [mciated to the commands.
[33m 51 
 52 [mThe way the program works is the user is prompted a line that consists of the  [35;1H[33m    [musers login info, their host name, and the [31m'$'[m symbol, which is immediately foo[36;1H[33m    [mllowed by the area for user input. The user then enters the command, and the cc[37;1H[33m    [mommand is executed and printed to the terminal. The process is intended to conn[38;1H[33m    [mtinue as such until the user inputs [31m'exit'[m, which then causes the program to ee[39;1H[33m    [mxit.
[33m 53 
 54 [mFor example, if the user enters [31m'ls'[m, the program will print to the terminal aa[42;1H[33m    [mll the contents in the current directory. If the user then enters [31m'ls -a'[m, thee[43;1H[33m    [m program will print all the files in the current directory including the hiddee[44;1H[33m    [mn files.
[33m 55 
 56 [mLS
[33m 57 [m------
[33m 58 [mFor this assignment, I attempted to implement some functionality of the bash cc[49;1H[33m    [mommand `ls`. Namely the -l -a and -R. However, I was unable to implement the --[50;1H[33m    [mR flag. It introduced too many bugs into my code and I decided a final build ww[51;1H[33m    [mithout it was best.[52;65H58,1[10C21%[48;5HP+q436f\P+q6b75\P+q6b64\P+q6b72\P+q6b6c\P+q2332\P+q2334\P+q2569\P+q2a37\P+q6b31\[1;51r[51;1H
[1;52r[51;1H[33m 59 [m[52;1H[K[52;65H59,0-1[8C22%[51;5H[1;51r[1;1H[2M[1;52r[50;1H[33m 60 [mThe way the program works is that the user compiles the program and passes to  [51;1H[33m    [mit either files, paths, flags, or a combination of the three.[52;65H[K[52;65H60,1[10C24%[50;5H[1;51r[51;1H
[1;52r[51;1H[33m 61 [m[52;65H[K[52;65H61,0-1[8C25%[51;5H[1;51r[51;1H
[1;52r[51;1H[33m 62 [m[52;65H[K[52;65H62,0-1[8C26%[51;5H[1;51r[51;1H
[1;52r[51;1H[33m 63 [m[52;65H[K[52;65H63,0-1[8C27%[51;5H[1;51r[51;1H
[1;52r[51;1H[33m 64 [mHow to run file[52;65H[K[52;65H64,1[10C28%[51;5H[1;51r[51;1H
[1;52r[51;1H[33m 65 [m---------------[52;65H[K[52;65H65,1[10C29%[51;5H[1;51r[1;1H[2M[1;52r[50;1H[33m 66 [mOnce you have cloned the directory to your local machine, follow the directionn[51;1H[33m    [ms below:[52;65H[K[52;65H66,1[10C31%[50;5H[1;51r[1;1H[2M[1;52r[50;1H[33m 67 [m-------------------------------------------------------------------------------[51;1H[33m    [m--------[52;65H[K[52;65H67,1[10C33%[50;5H[52;66H6[48;5H[52;66H5[47;5H[52;66H4[46;5H[52;66H3,0-1[45;5H[52;66H2[44;5H[52;66H1[43;5H[52;66H0,1  [41;5H[52;65H59,0-1[40;5H[52;66H8,1  [36;5H[52;66H7[35;5H[52;66H6[34;5H[52;66H5,0-1[33;5H[52;66H4,1  [29;5H[52;66H3,0-1[28;5H[52;66H2,1  [22;5H[52;66H3,0-1[28;5H[52;66H4,1  [29;5H[52;66H5,0-1[33;5H[52;66H6,1  [34;5H[52;66H5,0-1[33;5H[52;66H4,1  [29;5H[52;66H5,0-1[33;5H[52;1H[1m-- INSERT --[m[52;65H[K[52;65H55,1[10C33%[33;5H[34;5H[K[35;4H[33m [mLS[35;7H[K[36;4H[33m [m------[36;11H[K[37;1H[33m 59 [mFor this assignment, I attempted to implement some functionality of the bash cc[38;1H[33m    [mommand `ls`. Namely the -l -a and -R. However, I was unable to implement the --[39;1H[33m    [mR flag. It introduced too many bugs into my code and I decided a final build ww[40;1H[33m    [mithout it was best.[41;5H[K[42;1H[33m 61 [mThe way the program works is that the user compiles the program and passes to  [43;1H[33m    [mit either files, paths, flags, or a combination of the three.[46;5H[K[47;4H[33m [mHow to run file[48;4H[33m [m---------------[48;20H[K[49;1H[33m 67 [mOnce you have cloned the directory to your local machine, follow the directionn[50;1H[33m    [ms below:[50;13H[K[51;1H[33m 68[m[8C-----------------------------------------------------------------------[51;1H[1m[34m@                                                                                 [m[52;66H6[34;5H[35;5H[K[36;4H[33m [mLS[36;7H[K[37;4H[33m [m------[37;11H[K[38;1H[33m 60 [mFor this assignment, I attempted to implement some functionality of the bash cc[39;1H[33m    [mommand `ls`. Namely the -l -a and -R. However, I was unable to implement the --[40;1H[33m    [mR flag. It introduced too many bugs into my code and I decided a final build ww[41;1H[33m    [mithout it was best.[42;5H[K[43;1H[33m 62 [mThe way the program works is that the user compiles the program and passes to  [44;1H[33m    [mit either files, paths, flags, or a combination of the three.[47;5H[K[48;4H[33m [mHow to run file[49;4H[33m [m---------------[49;20H[K[50;1H[33m 68 [mOnce you have cloned the directory to your local machine, follow the directionn[51;1H[33m    [ms below:[51;13H[K[52;66H7[35;5H[52;66H6[34;5H[33m [mU[52;68H2[34;6HUP[52;68H3[34;7HPD[52;68H4[34;8HDA[52;68H5[34;9HAT[52;68H6[34;10HTE[52;68H7[34;11H[52;68H8[34;12H 1[52;68H9[34;13H11[52;68H10[34;14H1/[52;69H1[34;15H/2[52;69H2[34;16H20[52;69H3[34;17H0/[52;69H4[34;18H/1[52;69H5[34;19H15[52;69H6[34;20H[34;19H[K[52;69H5[34;19H14[52;69H6[34;20H4:[52;69H7[34;21H[36;5H[K[37;4H[33m [mLS[37;7H[K[38;4H[33m [m------[38;11H[K[39;1H[33m 61 [mFor this assignment, I attempted to implement some functionality of the bash cc[40;1H[33m    [mommand `ls`. Namely the -l -a and -R. However, I was unable to implement the --[41;1H[33m    [mR flag. It introduced too many bugs into my code and I decided a final build ww[42;1H[33m    [mithout it was best.[43;5H[K[44;1H[33m 63 [mThe way the program works is that the user compiles the program and passes to  [45;1H[33m    [mit either files, paths, flags, or a combination of the three.[48;5H[K[49;4H[33m [mHow to run file[50;4H[33m [m---------------[50;20H[K[51;1H[33m 69 [mOnce you have cloned the directory to your local machine, follow the direction[51;1H[1m[34m@                                                                                 [m[52;66H7,1 [10C2[35;5H[33m [mR[52;68H2[35;6HRS[52;68H3[35;7HSH[52;68H4[35;8HHE[52;68H5[35;9HEL[52;68H6[35;10HLL[52;68H7[35;11H[52;68H8[35;12H n[52;68H9[35;13Hno[52;68H10[35;14How[52;69H1[35;15H[52;69H2[35;16H h[52;69H3[35;17Hha[52;69H4[35;18Has[52;69H5[35;19H[52;69H6[35;20H t[52;69H7[35;21Hth[52;69H8[35;22Hhe[52;69H9[35;23H[52;68H20[35;24H a[52;69H1[35;25Hab[52;69H2[35;26Hbi[52;69H3[35;27Hil[52;69H4[35;28Hli[52;69H5[35;29Hil[52;69H6[35;30Hli[52;69H7[35;31Hit[52;69H8[35;32Hty[52;69H9[35;33H[52;68H30[35;34H t[52;69H1[35;35Hto[52;69H2[35;36H[35;35H[K[52;69H1[35;35H[35;34H[K[52;69H0[35;34H[52;68H29[35;33H[35;32H[K[52;69H8[35;32H[35;31H[K[52;69H7[35;31H[35;30H[K[52;69H6[35;30H[35;29H[K[52;69H5[35;29Hit[52;69H6[35;30Hty[52;69H7[35;31H[52;69H8[35;32H t[52;69H9[35;33Hto[52;68H30[35;34H[52;69H1[35;35H ([52;69H2[35;36H(s[52;69H3[35;37Hso[52;69H4[35;38Hom[52;69H5[35;39Hme[52;69H6[35;40Hew[52;69H7[35;41Hwh[52;69H8[35;42Hha[52;69H9[35;43Hat[52;68H40[35;44Ht)[35;35H[46m([8C)[m[52;69H1[35;45H[35;35H([8C)[52;69H2[35;46H[35;35H[46m([8C)[m[52;69H1[35;45H[35;44H[K[35;35H([52;69H0[35;44H[35;43H[K[52;68H39[35;43H[35;42H[K[52;69H8[35;42H[35;41H[K[52;69H7[35;41H[35;40H[K[52;69H6[35;40H[35;39H[K[52;69H5[35;39H[35;38H[K[52;69H4[35;38H[35;37H[K[52;69H3[35;37H[35;36H[K[52;69H2[35;36H[35;35H[K[52;69H1[35;35H p[52;69H2[35;36Hpi[52;69H3[35;37Hie[52;69H4[35;38Hep[52;69H5[35;39H[35;38H[K[52;69H4[35;38H[35;37H[K[52;69H3[35;37Hip[52;69H4[35;38Hpe[52;69H5[35;39H[52;69H6[35;40H a[52;69H7[35;41Han[52;69H8[35;42Hnd[52;69H9[35;43H[52;68H40[35;44H r[52;69H1[35;45Hre[52;69H2[35;46Hed[52;69H3[35;47Hdi[52;69H4[35;48Hir[52;69H5[35;49Hre[52;69H6[35;50Hec[52;69H7[35;51Hct[52;69H8[35;52H[52;69H9[35;53H c[52;68H50[35;54Hco[52;69H1[35;55Hom[52;69H2[35;56Hmm[52;69H3[35;57Hma[52;69H4[35;58Han[52;69H5[35;59Hnd[52;69H6[35;60Hds[52;69H7[35;61H[52;69H8[35;62H ![52;69H9[35;63H[35;62H[K[52;69H8[35;62H[52;69H7[35;61Hs![52;69H8[35;62H[52;69H9[35;63H J[52;68H60[35;64HJu[52;69H1[35;65Hus[52;69H2[35;66Hst[52;69H3[35;67H[52;69H4[35;68H L[52;69H5[35;69HLi[52;69H6[35;70Hik[52;69H7[35;71Hke[52;69H8[35;72H[52;69H9[35;73H a[52;68H70[35;74H[52;69H1[35;75H r[52;69H2[35;76Hre[52;69H3[35;77Hea[52;69H4[35;78Hal[52;69H5[35;79Hl-[52;69H6[35;80H-l[52;69H7[35;81Hli[52;69H8[35;82Hif[52;69H9[36;5H[36;51r[36;1H[L[1;52r[36;1H[33m    [me[52;65H[K[52;65H57,80[9C32%[36;6H[52;69H1[36;7H b[52;69H2[36;8Hba[52;69H3[36;9Has[52;69H4[36;10Hsh[52;69H5[36;11H[52;69H6[36;12H ([52;69H7[36;13H(w[52;69H8[36;14Hwi[52;69H9[36;15Hit[52;68H90[36;16Hth[52;69H1[36;17H[52;69H2[36;18H s[52;69H3[36;19Hso[52;69H4[36;20Hom[52;69H5[36;21Hme[52;69H6[36;22H[52;69H7[36;23H l[52;69H8[36;24Hli[52;69H9[36;25Him[52;68H100[36;26Hmi[52;70H1[36;27Hit[52;70H2[36;28Hta[52;70H3[36;29Hat[52;70H4[36;30Hti[52;70H5[36;31Hio[52;70H6[36;32Hon[52;70H7[36;33H[52;70H8[36;34H[52;70H7[36;33Hns[52;70H8[36;34H[52;70H9[36;35H n[52;69H10[36;36Hna[52;70H1[36;37Hat[52;70H2[36;38Htu[52;70H3[36;39Hur[52;70H4[36;40Hra[52;70H5[36;41Hal[52;70H6[36;42Hll[52;70H7[36;43Hly[52;70H8[36;44Hy)[36;12H[46m([31C)[m[52;70H9[36;45H[46m)[m.[36;12H([31C)[52;69H20[36;46H[52;70H1[36;47H[38;5H[K[39;4H[33m [mLS[39;7H[K[40;4H[33m [m------[40;11H[K[41;1H[33m 62 [mFor this assignment, I attempted to implement some functionality of the bash cc[42;1H[33m    [mommand `ls`. Namely the -l -a and -R. However, I was unable to implement the --[43;1H[33m    [mR flag. It introduced too many bugs into my code and I decided a final build ww[44;1H[33m    [mithout it was best.[45;5H[K[46;1H[33m 64 [mThe way the program works is that the user compiles the program and passes to  [47;1H[33m    [mit either files, paths, flags, or a combination of the three.[50;5H[K[51;4H[33m [mHow to run file[52;66H8,1  [37;5H[39;5H[K[40;4H[33m [mLS[40;7H[K[41;4H[33m [m------[41;11H[K[42;1H[33m 63 [mFor this assignment, I attempted to implement some functionality of the bash cc[43;1H[33m    [mommand `ls`. Namely the -l -a and -R. However, I was unable to implement the --[44;1H[33m    [mR flag. It introduced too many bugs into my code and I decided a final build ww[45;1H[33m    [mithout it was best.[46;5H[K[47;1H[33m 65 [mThe way the program works is that the user compiles the program and passes to  [48;1H[33m    [mit either files, paths, flags, or a combination of the three.[51;5H[K[52;66H9[38;5H[33m [mf[52;68H2[38;6Hfo[52;68H3[38;7Hor[52;68H4[38;8H[52;68H5[38;9H e[52;68H6[38;10Hex[52;68H7[38;11Hxa[52;68H8[38;12Ham[52;68H9[38;13Hmp[52;68H10[38;14Hpl[52;69H1[38;15Hle[52;69H2[38;16He,[52;69H3[38;17H[52;69H4[38;18H i[52;69H5[38;19Hif[52;69H6[38;20H[52;69H7[38;21H t[52;69H8[38;22Hth[52;69H9[38;23Hhe[52;68H20[38;24H[52;69H1[38;25H u[52;69H2[38;26Hus[52;69H3[38;27Hse[52;69H4[38;28Her[52;69H5[38;29H[52;69H6[38;30H e[52;69H7[38;31Hen[52;69H8[38;32Hnt[52;69H9[38;33Hte[52;68H30[38;34Her[52;69H1[38;35Hrs[52;69H2[38;36H[52;69H3[38;37H [31m'[40;5HLS[41;5H------[42;5HFor this assignment, I attempted to implement some functionality of the bash cc[m[43;1H[33m [m[3C[31mommand `ls`. Namely the -l -a and -R. However, I was unable to implement the --[m[44;1H[33m [m[3C[31mR flag. It introduced too many bugs into my code and I decided a final build ww[m[45;1H[33m [m[3C[31mithout it was best.[47;5HThe way the program works is that the user compiles the program and passes to  [m[48;1H[33m [m[3C[31mit either files, paths, flags, or a combination of the three.[m[52;69H4[38;38H[31m'c[m[52;69H5[38;39H[31mca[m[52;69H6[38;40H[31mat[m[52;69H7[38;41H[31m [m[52;69H8[38;42H[31m <[m[52;69H9[38;43H[31m [m[52;68H40[38;44H[31m f[m[52;69H1[38;45H[31mfi[m[52;69H2[38;46H[31mil[m[52;69H3[38;47H[31mle[m[52;69H4[38;48H[31m [m[52;69H5[38;49H[31m |[m[52;69H6[38;50H[31m [m[52;69H7[38;51H[31m t[m[52;69H8[38;52H[31mtr[m[52;69H9[38;53H[31m [m[52;68H50[38;54H[31m a[m[52;69H1[38;55H[31ma-[m[52;69H2[38;56H[31m-z[m[52;69H3[38;57H[31m [m[52;69H4[38;58H[31m A[m[52;69H5[38;59H[31mA-[m[52;69H6[38;60H[31m-Z[m[52;69H7[38;61H[31m [m[52;69H8[38;62H[31m |[m[52;69H9[38;63H[31m [m[52;68H60[38;64H[31m t[m[52;69H1[38;65H[31mte[m[52;69H2[38;66H[31mee[m[52;69H3[38;67H[31m [m[52;69H4[38;68H[31m e[m[52;69H5[38;69H[31men[m[52;69H6[38;70H[38;69H[K[52;69H5[38;69H[38;68H[K[52;69H4[38;68H[31m n[m[52;69H5[38;69H[31mne[m[52;69H6[38;70H[31mew[m[52;69H7[38;71H[31m [m[52;69H8[38;72H[31m |[m[52;69H9[38;73H[31m [m[52;68H70[38;74H[31m t[m[52;69H1[38;75H[31mtr[m[52;69H2[38;76H[31m [m[52;69H3[38;77H[31m A[m[52;69H4[38;78H[31mA-[m[52;69H5[38;79H[31m-Z[m[52;69H6[38;80H[31m [m[52;69H7[38;81H[31m a[m[52;69H8[38;82H[31ma-[m[52;69H9[39;5H[39;51r[39;1H[L[1;52r[39;1H[33m    [m[31mz[m[52;65H[K[52;65H59,80[9C31%[39;6H[31m [m[52;69H1[39;7H[31m >[m[52;69H2[39;8H[31m [m[52;69H3[39;9H[31m n[m[52;69H4[39;10H[31mne[m[52;69H5[39;11H[31mew[m[52;69H6[39;12H[31mw2[m[52;69H7[39;13H[31m2'[m[41;5HLS[42;5H------[43;5HFor this assignment, I attempted to implement some functionality of the bash cc[44;1H[33m [m[3Command `ls`. Namely the -l -a and -R. However, I was unable to implement the --[45;1H[33m [m[3CR flag. It introduced too many bugs into my code and I decided a final build ww[46;1H[33m [m[3Cithout it was best.[48;5HThe way the program works is that the user compiles the program and passes to  [49;1H[33m [m[3Cit either files, paths, flags, or a combination of the three.[52;69H8[39;14H[52;69H9[39;15H R[52;68H90[39;16HRS[52;69H1[39;17HSH[52;69H2[39;18HHE[52;69H3[39;19HEL[52;69H4[39;20HLL[52;69H5[39;21H[52;69H6[39;22H w[52;69H7[39;23Hwi[52;69H8[39;24Hil[52;69H9[39;25Hll[52;68H100[39;26H[52;70H1[39;27H r[52;70H2[39;28Hre[52;70H3[39;29Hee[52;70H4[39;30Hed[52;70H5[39;31H[39;30H[K[52;70H4[39;30H[39;29H[K[52;70H3[39;29Hed[52;70H4[39;30Hdi[52;70H5[39;31Hir[52;70H6[39;32Hre[52;70H7[39;33Hec[52;70H8[39;34Hct[52;70H9[39;35H[52;69H10[39;36H s[52;70H1[39;37Hst[52;70H2[39;38Htd[52;70H3[39;39Hdi[52;70H4[39;40Hin[52;70H5[39;41H[39;40H[K[52;70H4[39;40H[39;39H[K[52;70H3[39;39H[39;38H[K[52;70H2[39;38H[39;37H[K[52;70H1[39;37H[39;36H[K[52;70H0[39;36H t[52;70H1[39;37Hth[52;70H2[39;38Hhe[52;70H3[39;39H[52;70H4[39;40H i[52;70H5[39;41Hin[52;70H6[39;42Hnp[52;70H7[39;43Hpu[52;70H8[39;44Hut[52;70H9[39;45H[52;69H20[39;46H f[52;70H1[39;47Hfr[52;70H2[39;48Hro[52;70H3[39;49Hom[52;70H4[39;50H[52;70H5[39;51H [31m'[41;5HLS[42;5H------[43;5HFor this assignment, I attempted to implement some functionality of the bash cc[m[44;1H[33m [m[3C[31mommand `ls`. Namely the -l -a and -R. However, I was unable to implement the --[m[45;1H[33m [m[3C[31mR flag. It introduced too many bugs into my code and I decided a final build ww[m[46;1H[33m [m[3C[31mithout it was best.[48;5HThe way the program works is that the user compiles the program and passes to  [m[49;1H[33m [m[3C[31mit either files, paths, flags, or a combination of the three.[m[52;70H6[39;52H[31m'f[m[52;70H7[39;53H[31mfi[m[52;70H8[39;54H[31mil[m[52;70H9[39;55H[31mle[m[52;69H30[39;56H[31me'[m[41;5HLS[42;5H------[43;5HFor this assignment, I attempted to implement some functionality of the bash cc[44;1H[33m [m[3Command `ls`. Namely the -l -a and -R. However, I was unable to implement the --[45;1H[33m [m[3CR flag. It introduced too many bugs into my code and I decided a final build ww[46;1H[33m [m[3Cithout it was best.[48;5HThe way the program works is that the user compiles the program and passes to  [49;1H[33m [m[3Cit either files, paths, flags, or a combination of the three.[52;70H1[39;57H[52;70H2[39;58H t[52;70H3[39;59Hto[52;70H4[39;60H[52;70H5[39;61H c[52;70H6[39;62Hca[52;70H7[39;63Hat[52;70H8[39;64Ht,[52;70H9[39;65H[52;69H40[39;66H w[52;70H1[39;67Hwh[52;70H2[39;68Hhi[52;70H3[39;69Hic[52;70H4[39;70Hch[52;70H5[39;71H[52;70H6[39;72H w[52;70H7[39;73Hwi[52;70H8[39;74Hil[52;70H9[39;75Hll[52;69H50[39;76H[52;70H1[39;77H t[52;70H2[39;78Hth[52;70H3[39;79Hhe[52;70H4[39;80Hen[52;70H5[39;81H[52;70H6[39;82H b[52;70H7[40;5H[40;51r[40;1H[L[1;52r[40;1H[33m    [me[52;65H[K[52;65H59,158[8C31%[40;6H[52;70H9[40;7H p[52;69H60[40;8Hpi[52;70H1[40;9Hip[52;70H2[40;10Hpe[52;70H3[40;11Hes[52;70H4[40;12H[52;70H5[40;13H t[52;70H6[40;14Hto[52;70H7[40;15H[40;14H[K[52;70H6[40;14H[40;13H[K[52;70H5[40;13H[52;70H4[40;12H[40;11H[K[52;70H3[40;11Hed[52;70H4[40;12H[52;70H5[40;13H t[52;70H6[40;14Hto[52;70H7[40;15H[52;70H8[40;16H [31m'[42;5HLS[43;5H------[44;5HFor this assignment, I attempted to implement some functionality of the bash cc[m[45;1H[33m [m[3C[31mommand `ls`. Namely the -l -a and -R. However, I was unable to implement the --[m[46;1H[33m [m[3C[31mR flag. It introduced too many bugs into my code and I decided a final build ww[m[47;1H[33m [m[3C[31mithout it was best.[49;5HThe way the program works is that the user compiles the program and passes to  [m[50;1H[33m [m[3C[31mit either files, paths, flags, or a combination of the three.[m[52;70H9[40;17H[31m't[m[52;69H70[40;18H[31mtr[m[52;70H1[40;19H[31mr'[m[42;5HLS[43;5H------[44;5HFor this assignment, I attempted to implement some functionality of the bash cc[45;1H[33m [m[3Command `ls`. Namely the -l -a and -R. However, I was unable to implement the --[46;1H[33m [m[3CR flag. It introduced too many bugs into my code and I decided a final build ww[47;1H[33m [m[3Cithout it was best.[49;5HThe way the program works is that the user compiles the program and passes to  [50;1H[33m [m[3Cit either files, paths, flags, or a combination of the three.[52;70H2[40;20H[52;70H3[40;21H w[52;70H4[40;22Hwh[52;70H5[40;23Hhi[52;70H6[40;24Hic[52;70H7[40;25Hch[52;70H8[40;26H[52;70H9[40;27H w[52;69H80[40;28Hwi[52;70H1[40;29Hil[52;70H2[40;30Hll[52;70H3[40;31H[52;70H4[40;32H b[52;70H5[40;33Hbe[52;70H6[40;34H[52;70H7[40;35H p[52;70H8[40;36Hpi[52;70H9[40;37Hip[52;69H90[40;38Hpe[52;70H1[40;39Hed[52;70H2[40;40H[52;70H3[40;41H t[52;70H4[40;42Hto[52;70H5[40;43H[52;70H6[40;44H t[52;70H7[40;45Hte[52;70H8[40;46Hee[52;70H9[40;47He,[52;68H200[40;48H[52;70H1[40;49H w[52;70H2[40;50Hwh[52;70H3[40;51Hhi[52;70H4[40;52Hic[52;70H5[40;53Hch[52;70H6[40;54H[52;70H7[40;55H c[52;70H8[40;56Hcr[52;70H9[40;57Hre[52;69H10[40;58Hea[52;70H1[40;59Hat[52;70H2[40;60Hte[52;70H3[40;61Hes[52;70H4[40;62H[52;70H5[40;63H a[52;70H6[40;64H[52;70H7[40;65H n[52;70H8[40;66Hne[52;70H9[40;67Hew[52;69H20[40;68H[52;70H1[40;69H f[52;70H2[40;70Hfi[52;70H3[40;71Hil[52;70H4[40;72Hle[52;70H5[40;73He,[52;70H6[40;74H[52;70H7[40;75H a[52;70H8[40;76H[40;75H[K[52;70H7[40;75H a[52;70H8[40;76Han[52;70H9[40;77Hnd[52;69H30[40;78H[52;70H1[40;79H s[52;70H2[40;80Hso[52;70H3[40;81H[52;70H4[40;82H o[52;70H5[41;5H[41;51r[41;1H[L[1;52r[41;1H[33m    [mn[52;65H[K[52;65H59,236[8C31%[41;6Hn.[52;70H7[41;7H[52;70H8[41;8H I[52;70H9[41;9HI[31m'[43;5HLS[44;5H------[45;5HFor this assignment, I attempted to implement some functionality of the bash cc[m[46;1H[33m [m[3C[31mommand `ls`. Namely the -l -a and -R. However, I was unable to implement the --[m[47;1H[33m [m[3C[31mR flag. It introduced too many bugs into my code and I decided a final build ww[m[48;1H[33m [m[3C[31mithout it was best.[50;5HThe way the program works is that the user compiles the program and passes to  [m[51;1H[33m [m[3C[31mit either files, paths, flags, or a combination of the three.[m[52;69H40[41;10H[31m'm[m[52;70H1[41;11H[31m [m[52;70H2[41;12H[31m s[m[52;70H3[41;13H[31msy[m[52;70H4[41;14H[31myr[m[52;70H5[41;15H[31mre[m[52;70H6[41;16H[31m [m[52;70H7[41;17H[31m y[m[52;70H8[41;18H[31myo[m[52;70H9[41;19H[31mou[m[52;69H50[41;20H[31m [m[52;70H1[41;21H[41;20H[K[52;70H0[41;20H[41;19H[K[52;69H49[41;19H[41;18H[K[52;70H8[41;18H[41;17H[K[52;70H7[41;17H[41;16H[K[52;70H6[41;16H[41;15H[K[52;70H5[41;15H[41;14H[K[52;70H4[41;14H[41;13H[K[52;70H3[41;13H[41;12H[K[52;70H2[41;12H[41;11H[K[52;70H1[41;11H[41;10H[K[52;70H0[41;10H[41;9H[K[43;5HLS[44;5H------[45;5HFor this assignment, I attempted to implement some functionality of the bash cc[46;1H[33m [m[3Command `ls`. Namely the -l -a and -R. However, I was unable to implement the --[47;1H[33m [m[3CR flag. It introduced too many bugs into my code and I decided a final build ww[48;1H[33m [m[3Cithout it was best.[50;5HThe way the program works is that the user compiles the program and passes to  [51;1H[33m [m[3Cit either files, paths, flags, or a combination of the three.[52;69H39[41;9H[52;69H40[41;10H a[52;70H1[41;11Ham[52;70H2[41;12H[52;70H3[41;13H s[52;70H4[41;14Hsu[52;70H5[41;15Hur[52;70H6[41;16Hre[52;70H7[41;17H[52;70H8[41;18H y[52;70H9[41;19Hyo[52;69H50[41;20Hou[52;70H1[41;21H[52;70H2[41;22H k[52;70H3[41;23Hkn[52;70H4[41;24Hno[52;70H5[41;25How[52;70H6[41;26H[52;70H7[41;27H w[52;70H8[41;28Hwh[52;70H9[41;29Hha[52;69H60[41;30Hat[52;70H1[41;31H[52;70H2[41;32H t[52;70H3[41;33Hth[52;70H4[41;34Hhi[52;70H5[41;35His[52;70H6[41;36H[52;70H7[41;37H[52;70H6[41;36H[41;35H[K[52;70H5[41;35H[41;34H[K[52;70H4[41;34H[41;33H[K[52;70H3[41;33H[41;32H[K[52;70H2[41;32H t[52;70H3[41;33Hth[52;70H4[41;34Hht[52;70H5[41;35H[41;34H[K[52;70H4[41;34Hha[52;70H5[41;35Hat[52;70H6[41;36H[52;70H7[41;37H c[52;70H8[41;38Hco[52;70H9[41;39Hom[52;69H70[41;40Hmm[52;70H1[41;41Hma[52;70H2[41;42Han[52;70H3[41;43Hnd[52;70H4[41;44H[52;70H5[41;45H d[52;70H6[41;46Hdo[52;70H7[41;47Hoe[52;70H8[41;48Hes[52;70H9[41;49H[52;69H80[41;50H a[52;70H1[41;51Han[52;70H2[41;52Hnd[52;70H3[41;53H[52;70H4[41;54H d[52;70H5[41;55Hdo[52;70H6[41;56H[52;70H7[41;57H n[52;70H8[41;58Hno[52;70H9[41;59Hot[52;69H90[41;60H[52;70H1[41;61H n[52;70H2[41;62Hnt[52;70H3[41;63H[41;62H[K[52;70H2[41;62Hne[52;70H3[41;63Hee[52;70H4[41;64Hed[52;70H5[41;65H[52;70H6[41;66H m[52;70H7[41;67Hme[52;70H8[41;68H[52;70H9[41;69H t[52;68H300[41;70Hto[52;70H1[41;71H[52;70H2[41;72H w[52;70H3[41;73Hwa[52;70H4[41;74Hal[52;70H5[41;75Hlk[52;70H6[41;76H[52;70H7[41;77H y[52;70H8[41;78Hyo[52;70H9[41;79Hou[52;69H10[41;80H[52;70H1[41;81H t[52;70H2[41;82Hth[52;70H3[42;5H[42;51r[42;1H[L[1;52r[42;1H[33m    [mr[51;1H[1m[34m@                                                                                 [m[52;65H[K[52;65H59,314[8C30%[42;6Hro[52;70H5[42;7Hou[52;70H6[42;8Hug[52;70H7[42;9Hgh[52;70H8[42;10H[52;70H9[42;11H o[52;69H20[42;12Hot[52;70H1[42;13H[42;12H[K[52;70H0[42;12H[42;11H[K[52;69H19[42;11H i[52;69H20[42;12Hit[52;70H1[42;13Ht.[52;70H2[42;14H[52;65H60,1  [43;5H[52;65H59,322[42;14H[52;66H8,1  [37;5H[52;66H7,121[36;47H[52;66H6,17 [34;21H[52;66H5,1 [33;5H[52;66H4,243[32;13H[52;66H3,1  [28;5H[52;66H2,322[26;14H[52;66H1,1  [21;5H[52;66H0,258[20;28H[52;65H49,7  [16;11H[52;66H8[15;11H[52;66H7,14[14;18H[52;66H6[13;18H[52;66H5,1 [12;5H[52;66H4,4[11;8H[52;66H3,12[10;16H[52;66H2,10[9;14H[52;66H3,12[10;16H[11;5H[K[12;4H[33m [m```[13;5H[K[14;4H[33m [mAbout Program[15;4H[33m [m-------------[16;4H[33m [mRSHELL[17;4H[33m [m------[17;11H[K[18;1H[33m 51 [mIn this assignment, I attempted to make a simple command shell comprising of aa[19;1H[33m    [mll the commands avaiable to me in the /usr/bin folder. This program is able too[20;1H[33m    [m execute not only the commands availabe in the folder, but also the flags assoo[21;1H[33m    [mciated to the commands.[22;5H[K[23;1H[33m 53 [mThe way the program works is the user is prompted a line that consists of the  [24;1H[33m    [musers login info, their host name, and the [31m'$'[m symbol, which is immediately foo[25;1H[33m    [mllowed by the area for user input. The user then enters the command, and the cc[26;1H[33m    [mommand is executed and printed to the terminal. The process is intended to conn[27;1H[33m    [mtinue as such until the user inputs [31m'exit'[m, which then causes the program to ee[28;1H[33m    [mxit.[29;5H[K[30;1H[33m 55 [mFor example, if the user enters [31m'ls'[m, the program will print to the terminal aa[31;1H[33m    [mll the contents in the current directory. If the user then enters [31m'ls -a'[m, thee[32;1H[33m    [m program will print all the files in the current directory including the hiddee[33;1H[33m    [mn files.[34;5H[K[35;4H[33m [mUPDATE 11/20/14:[35;21H[K[36;1H[33m 58 [mRSHELL now has the ability to pipe and redirect commands! Just Like a real-liff[37;1H[33m    [me bash (with some limitations naturally).[38;5H[K[39;1H[33m 60 [mfor example, if the user enters [31m'cat < file | tr a-z A-Z | tee new | tr A-Z a--[m[40;1H[33m    [m[31mz > new2'[m RSHELL will redirect the input from [31m'file'[m to cat, which will then bb[41;1H[33m    [me piped to [31m'tr'[m which will be piped to tee, which creates a new file, and so oo[42;1H[33m    [mn. I am sure you know what that command does and do not need me to walk you thh[43;1H[33m    [mrough it.[44;5H[K[45;4H[33m [mLS[45;7H[K[46;4H[33m [m------[46;11H[K[47;1H[33m 64 [mFor this assignment, I attempted to implement some functionality of the bash cc[48;1H[33m    [mommand `ls`. Namely the -l -a and -R. However, I was unable to implement the --[49;1H[33m    [mR flag. It introduced too many bugs into my code and I decided a final build ww[50;1H[33m    [mithout it was best.
[33m 65 [m[51;5H[K[52;66H4,1 [11;5H[33m [mp[52;68H2[11;6Hpi[52;68H3[11;7Hip[52;68H4[11;8Hpe[52;68H5[11;9He.[52;68H6[11;10H.s[52;68H7[11;11Hsc[52;68H8[11;12Hcr[52;68H9[11;13Hri[52;68H10[11;14Hip[52;69H1[11;15Hpt[52;69H2[11;16H[52;66H3[10;16H[52;66H2,10[9;14H[52;66H1,9 [8;13H[52;66H0,4[7;8H[52;65H39[6;8H[52;66H8,1[5;5H[52;66H7,8[4;12H[52;66H6,11[3;15H[52;66H5,9 [2;13H[52;66H4,7[1;11H[1;51r[1;1H[L[1;52r[1;1H[33m 33 [mcp.cpp[52;65H[K[52;65H33,7[10C29%[1;11H[1;51r[1;1H[L[1;52r[1;1H[33m 32 [m/src:[49;1H[1m[34m@                                                                                 [50;1H@                                                                                 [51;1H@                                                                                 [m[52;65H[K[52;65H32,6[10C28%[1;10H[1;51r[1;1H[L[1;52r[1;1H[33m 31 [m```[52;65H[K[52;65H31,4[10C28%[1;8H[1;51r[1;1H[L[1;52r[1;1H[33m 30 [m```[52;65H[K[52;65H30,4[10C27%[1;8H[1;51r[1;1H[L[1;52r[1;1H[33m 29 [m./tests[52;65H[K[52;65H29,8[10C26%[1;12H[1;51r[1;1H[L[1;52r[1;1H[33m 28 [m[52;65H[K[52;65H28,1[10C25%[1;5H[1;51r[1;1H[L[1;52r[1;1H[33m 27 [m./src[52;65H[K[52;65H27,6[10C25%[1;10H[1;51r[1;1H[L[1;52r[1;1H[33m 26 [m[52;65H[K[52;65H26,1[10C24%[1;5H[1;51r[1;1H[L[1;52r[1;1H[33m 25 [mREADME.md[48;1H[1m[34m@                                                                                 [49;1H@                                                                                 [50;1H@                                                                                 [51;1H@                                                                                 [m[52;65H[K[52;65H25,10[9C23%[1;14H[1;51r[1;1H[L[1;52r[1;1H[33m 24 [m[52;65H[K[52;65H24,1[10C22%[1;5H[1;51r[1;1H[L[1;52r[1;1H[33m 23 [mLICENSE[52;65H[K[52;65H23,8[10C21%[1;12H[1;51r[1;1H[L[1;52r[1;1H[33m 22 [m[52;65H[K[52;65H22,1[10C20%[1;5H[1;51r[1;1H[L[1;52r[1;1H[33m 21 [mMakefile[52;65H[K[52;65H21,9[10C20%[1;13H[1;51r[1;1H[L[1;52r[1;1H[33m 20 [m[52;65H[K[52;65H20,1[10C19%[1;5H[1;51r[1;1H[L[1;52r[1;1H[33m 19 [m```[51;1H[1m[34m@                                                                                 [m[52;65H[K[52;65H19,4[10C18%[1;8H[1;51r[1;1H[L[1;52r[1;1H[33m 18 [m---------[52;65H[K[52;65H18,10[9C17%[1;14H[1;51r[1;1H[L[1;52r[1;1H[33m 17 [mFile List[52;65H[K[52;65H17,10[9C16%[1;14H[1;51r[1;1H[L[1;52r[1;1H[33m 16 [m[52;65H[K[52;65H16,1[10C15%[1;5H[1;51r[1;1H[L[1;52r[1;1H[33m 15 [mReported bugs/fixes will be submitted to correction upon validation.[49;1H[1m[34m@                                                                                 [50;1H@                                                                                 [51;1H@                                                                                 [m[52;65H[K[52;65H15,12[9C14%[1;16H[52;66H6,1 [2;5H[52;66H5,12[1;16H[1;51r[1;1H[L[1;52r[1;1H[33m 14 [m[52;65H[K[52;65H14,1[10C13%[1;5H[1;51r[1;1H[L[1;52r[1;1H[33m 13 [mAll other known bugs and fixs can be sent to pstar001@ucr.edu[52;65H[K[52;65H13,12[9C12%[1;16H[1;51r[1;1H[L[1;52r[1;1H[33m 12 [m[52;65H[K[52;65H12,1[10C11%[1;5H[1;51r[1;1H[L[1;52r[1;1H[33m 11 [mPaul Starkey[52;65H[K[52;65H11,12[9C10%[1;16H[1;51r[1;1H[L[1;52r[1;1H[33m 10 [m-----------[47;1H[1m[34m@                                                                                 [48;1H@                                                                                 [49;1H@                                                                                 [50;1H@                                                                                 [51;1H@                                                                                 [m[52;65H[K[52;65H10,12[10C9%[1;16H[1;51r[1;1H[L[1;52r[1;1H[33m  9 [mAuthor & Contributor List[52;65H[K[52;65H9,12[11C8%[1;16H[1;51r[1;1H[L[1;52r[1;1H[33m  8 [m[52;65H[K[52;65H8,1[12C7%[1;5H[1;51r[1;1H[L[1;52r[1;1H[33m  7 [m----[52;65H[K[52;65H7,5[12C6%[1;9H[1;51r[1;1H[L[1;52r[1;1H[33m  6 [mProject source can be downloaded from https://github.com/holidaylvr/rshell.git[52;65H[K[52;65H6,12[11C5%[1;16H[1;51r[1;1H[L[1;52r[1;1H[33m  5 [m---[52;65H[K[52;65H5,4[12C4%[1;8H[1;51r[1;1H[L[1;52r[1;1H[33m  4 [mLicensing Information: READ LICENSE[52;65H[K[52;65H4,12[11C3%[1;16H[1;51r[1;1H[L[1;52r[1;1H[33m  3 [m[49;1H[1m[34m@                                                                                 [50;1H@                                                                                 [51;1H@                                                                                 [m[52;65H[K[52;65H3,1[12C2%[1;5H[1;51r[1;1H[L[1;52r[1;1H[33m  2 [m==========[52;65H[K[52;65H2,11[11C1%[1;15H[1;51r[1;1H[L[1;52r[1;1H[33m  1 [mRSHELL[52;65H[K[52;65H1,7[11CTop[1;11H[52;65H2,11[2;15H[52;65H3,1 [3;5H[52;65H4,12[4;16H[52;65H5,4 [5;8H[52;65H6,12[6;16H[52;65H7,5 [7;9H[52;65H6,12[6;16H[52;65H5,4 [5;8H[52;65H4,12[4;16H[52;68H3[4;17H[52;68H4[4;18H[52;68H5[4;19H[52;68H6[4;20H[52;68H7[4;21H[52;68H8[4;22H[52;68H9[4;23H[52;67H20[4;24H[52;68H1[4;25H[52;68H2[4;26H[52;68H3[4;27H[52;68H4[4;28H[52;68H5[4;29H[52;68H6[4;30H[52;68H7[4;31H[52;68H8[4;32H[52;65H5,4 [5;8H[5;7H[K[52;67H3[5;7H[5;6H[K[52;67H2[5;6H[5;5H[K[52;67H1[5;5H[33m [mProject source can be downloaded from https://github.com/holidaylvr/rshell.git[6;4H[33m [m----[6;9H[K[7;5H[K[8;4H[33m [mAuthor & Contributor List[9;4H[33m [m-----------[9;16H[K[10;4H[33m [mPaul Starkey[11;5H[K[12;4H[33m [mAll other known bugs and fixs can be sent to pstar001@ucr.edu[13;5H[K[14;4H[33m [mReported bugs/fixes will be submitted to correction upon validation.[15;5H[K[16;4H[33m [mFile List[17;4H[33m [m---------[18;4H[33m [m```[18;8H[K[19;5H[K[20;4H[33m [mMakefile[21;5H[K[22;4H[33m [mLICENSE[23;5H[K[24;4H[33m [mREADME.md[25;5H[K[26;4H[33m [m./src[27;5H[K[28;4H[33m [m./tests[29;4H[33m [m```[29;8H[K[31;4H[33m [m/src:[32;4H[33m [mcp.cpp[33;4H[33m [mls[34;4H[33m [mmain.cpp[35;4H[33m [mrshell.cpp[36;4H[33m [mTimer.h[36;12H[K[37;5H[K[38;4H[33m [m```[40;4H[33m [m./tests:[41;4H[33m [mls.script[42;4H[33m [mexec.script[43;4H[33m [mpipe[44;4H[33m [m```[44;8H[K[45;5H[K[46;4H[33m [mAbout Program[47;4H[33m [m-------------[48;4H[33m [mRSHELL[48;11H[K[49;4H[33m [m------[50;4H[33m [mIn this assignment, I attempted to make a simple command shell comprising of aa[51;1H[33m    [mll the commands avaiable to me in the /usr/bin folder. This program is able to[50;1H[1m[34m@                                                                                 [51;1H@                                                                                 [m[52;65H4,36[4;40H[4;39H[K[52;68H5[4;39H[4;38H[K[52;68H4[4;38H[4;37H[K[52;68H3[4;37H[4;36H[K[52;68H2[4;36H[4;35H[K[52;68H1[4;35H[4;34H[K[52;68H0[4;34H[4;33H[K[52;67H29[4;33H[52;68H8[4;32H[4;31H[K[52;68H7[4;31H[4;30H[K[52;68H6[4;30H[4;29H[K[52;68H5[4;29H[4;28H[K[52;68H4[4;28H[52;68H3[4;27H[4;26H[K[52;68H2[4;26H[4;25H[K[52;68H1[4;25H[4;24H[K[52;68H0[4;24H[4;23H[K[52;67H19[4;23H[4;22H[K[52;68H8[4;22H[4;21H[K[52;68H7[4;21H[4;20H[K[52;68H6[4;20H[4;19H[K[52;68H5[4;19H[4;18H[K[52;68H4[4;18H[4;17H[K[52;68H3[4;17H[4;16H[K[52;68H2[4;16H[4;15H[K[52;68H1[4;15H[52;68H0[4;14H[4;13H[K[52;67H9 [4;13H[4;12H[K[52;67H8[4;12H[4;11H[K[52;67H7[4;11H[4;10H[K[52;67H6[4;10H[4;9H[K[52;67H5[4;9H[4;8H[K[52;67H4[4;8H[4;7H[K[52;67H3[4;7H[4;6H[K[52;67H2[4;6H[4;5H[K[52;67H1[4;5H[33m [mProject source can be downloaded from https://github.com/holidaylvr/rshell.git[5;4H[33m [m----[5;9H[K[6;5H[K[7;4H[33m [mAuthor & Contributor List[8;4H[33m [m-----------[8;16H[K[9;4H[33m [mPaul Starkey[10;5H[K[11;4H[33m [mAll other known bugs and fixs can be sent to pstar001@ucr.edu[12;5H[K[13;4H[33m [mReported bugs/fixes will be submitted to correction upon validation.[14;5H[K[15;4H[33m [mFile List[16;4H[33m [m---------[17;4H[33m [m```[17;8H[K[18;5H[K[19;4H[33m [mMakefile[20;5H[K[21;4H[33m [mLICENSE[22;5H[K[23;4H[33m [mREADME.md[24;5H[K[25;4H[33m [m./src[26;5H[K[27;4H[33m [m./tests[28;4H[33m [m```[28;8H[K[30;4H[33m [m/src:[31;4H[33m [mcp.cpp[32;4H[33m [mls[33;4H[33m [mmain.cpp[34;4H[33m [mrshell.cpp[35;4H[33m [mTimer.h[35;12H[K[36;5H[K[37;4H[33m [m```[39;4H[33m [m./tests:[40;4H[33m [mls.script[41;4H[33m [mexec.script[42;4H[33m [mpipe[43;4H[33m [m```[43;8H[K[44;5H[K[45;4H[33m [mAbout Program[46;4H[33m [m-------------[47;4H[33m [mRSHELL[47;11H[K[48;4H[33m [m------[49;4H[33m [mIn this assignment, I attempted to make a simple command shell comprising of aa[50;1H[33m    [mll the commands avaiable to me in the /usr/bin folder. This program is able too[51;1H[33m    [m execute not only the commands availabe in the folder, but also the flags asso[49;1H[1m[34m@                                                                                 [50;1H@                                                                                 [51;1H@                                                                                 [m[52;65H3[3;5H[52;65H4[4;5H[52;65H5[5;5H[52;65H6[6;5H[52;65H7[7;5H[52;65H8[8;5H[52;65H7[7;5H[52;65H8[8;5H[52;65H9[9;5H[52;65H10,1[10;5H[52;66H1[11;5H[52;66H2[12;5H[52;66H3[13;5H[52;66H4[14;5H[52;66H3[13;5H[52;66H4[14;5H[52;66H5[15;5H[52;66H6[16;5H[52;66H7[17;5H[52;66H8[18;5H[52;66H9[19;5H[52;65H20[20;5H[52;66H1[21;5H[52;66H2[22;5H[52;66H3[23;5H[52;66H4[24;5H[52;66H5[25;5H[52;66H6[26;5H[52;66H7[27;5H[52;66H8[28;5H[52;66H9[29;5H[52;65H30[30;5H[52;66H1[31;5H[52;66H2[32;5H[52;66H3[33;5H[52;66H4[34;5H[52;66H5[35;5H[52;66H6[36;5H[52;66H7[37;5H[52;66H8[38;5H[52;66H9[39;5H[52;65H40[40;5H[52;66H1[41;5H[52;66H2[42;5H[52;66H3[43;5H[52;66H4[44;5H[52;66H5[45;5H[52;66H6[46;5H[52;66H7[47;5H[52;66H8[48;5H[1;51r[51;1H
[1;52r[48;1H[33m 49 [mIn this assignment, I attempted to make a simple command shell comprising of aa[49;1H[33m    [mll the commands avaiable to me in the /usr/bin folder. This program is able too[50;1H[33m    [m execute not only the commands availabe in the folder, but also the flags assoo[51;1H[33m    [mciated to the commands.[52;65H[K[52;65H49,1[11C1%[48;5H[1;51r[51;1H
[1;52r[51;1H[33m 50 [m[52;65H[K[52;65H50,1[11C2%[51;5H[1;51r[1;1H[6M[1;52r[46;1H[33m 51 [mThe way the program works is the user is prompted a line that consists of the  [47;1H[33m    [musers login info, their host name, and the [31m'$'[m symbol, which is immediately foo[48;1H[33m    [mllowed by the area for user input. The user then enters the command, and the cc[49;1H[33m    [mommand is executed and printed to the terminal. The process is intended to conn[50;1H[33m    [mtinue as such until the user inputs [31m'exit'[m, which then causes the program to ee[51;1H[33m    [mxit.[52;65H[K[52;65H51,1[11C8%[46;5H[1;51r[51;1H
[1;52r[51;1H[33m 52 [m[52;65H[K[52;65H52,1[11C9%[51;5H[1;51r[1;1H[4M[1;52r[48;1H[33m 53 [mFor example, if the user enters [31m'ls'[m, the program will print to the terminal aa[49;1H[33m    [mll the contents in the current directory. If the user then enters [31m'ls -a'[m, thee[50;1H[33m    [m program will print all the files in the current directory including the hiddee[51;1H[33m    [mn files.[52;65H[K[52;65H53,1[10C13%[48;5H[1;51r[51;1H
[1;52r[51;1H[33m 54 [m[52;65H[K[52;65H54,1[10C14%[51;5H[1;51r[51;1H
[1;52r[51;1H[33m 55 [mUPDATE 11/20/14:[52;65H[K[52;65H55,1[10C15%[51;5H[1;51r[1;1H[2M[1;52r[50;1H[33m 56 [mRSHELL now has the ability to pipe and redirect commands! Just Like a real-liff[51;1H[33m    [me bash (with some limitations naturally).[52;65H[K[52;65H56,1[10C17%[50;5H[1;51r[51;1H
[1;52r[51;1H[33m 57 [m[52;65H[K[52;65H57,1[10C18%[51;5H[1;51r[1;1H[5M[1;52r[47;1H[33m 58 [mfor example, if the user enters [31m'cat < file | tr a-z A-Z | tee new | tr A-Z a--[m[48;1H[33m    [m[31mz > new2'[m RSHELL will redirect the input from [31m'file'[m to cat, which will then bb[49;1H[33m    [me piped to [31m'tr'[m which will be piped to tee, which creates a new file, and so oo[50;1H[33m    [mn. I am sure you know what that command does and do not need me to walk you thh[51;1H[33m    [mrough it.[52;65H[K[52;65H58,1[10C22%[47;5H[1;51r[51;1H
[1;52r[51;1H[33m 59 [m[52;65H[K[52;65H59,1[10C23%[51;5H[1;51r[51;1H
[1;52r[51;1H[33m 60 [mLS[52;65H[K[52;65H60,1[10C24%[51;5H[1;51r[51;1H
[1;52r[51;1H[33m 61 [m------[52;65H[K[52;65H61,1[10C25%[51;5H[1;51r[1;1H[4M[1;52r[48;1H[33m 62 [mFor this assignment, I attempted to implement some functionality of the bash cc[49;1H[33m    [mommand `ls`. Namely the -l -a and -R. However, I was unable to implement the --[50;1H[33m    [mR flag. It introduced too many bugs into my code and I decided a final build ww[51;1H[33m    [mithout it was best.[52;65H[K[52;65H62,1[10C28%[48;5H[1;51r[51;1H
[1;52r[51;1H[33m 63 [m[52;65H[K[52;65H63,1[10C29%[51;5H[1;51r[1;1H[2M[1;52r[50;1H[33m 64 [mThe way the program works is that the user compiles the program and passes to  [51;1H[33m    [mit either files, paths, flags, or a combination of the three.[52;65H[K[52;65H64,1[10C31%[50;5H[52;66H3[49;5H[52;66H4[50;5H[1;51r[51;1H
[1;52r[51;1H[33m 65 [m[52;65H[K[52;65H65,1[10C32%[51;5H[1;51r[51;1H
[1;52r[51;1H[33m 66 [m[52;65H[K[52;65H66,1[10C33%[51;5H[1;51r[51;1H
[1;52r[51;1H[33m 67 [m[52;65H[K[52;65H67,1[10C33%[51;5H[1;51r[51;1H
[1;52r[51;1H[33m 68 [mHow to run file[52;65H[K[52;65H68,1[10C34%[51;5H[1;51r[51;1H
[1;52r[51;1H[33m 69 [m---------------[52;65H[K[52;65H69,1[10C35%[51;5H[1;51r[1;1H[2M[1;52r[50;1H[33m 70 [mOnce you have cloned the directory to your local machine, follow the directionn[51;1H[33m    [ms below:[52;65H[K[52;65H70,1[10C37%[50;5H[1;51r[1;1H[2M[1;52r[50;1H[33m 71 [m-------------------------------------------------------------------------------[51;1H[33m    [m--------[52;65H[K[52;65H71,1[10C38%[50;5H[1;51r[51;1H
[1;52r[51;1H[33m 72 [m1. `cd` into `~/CS100/rshell` directory[52;65H[K[52;65H72,1[10C39%[51;5H[1;51r[51;1H
[1;52r[51;1H[33m 73 [m[52;65H[K[52;65H73,1[10C40%[51;5H[1;51r[51;1H
[1;52r[51;1H[33m 74 [m2. make[52;65H[K[52;65H74,1[10C41%[51;5H[1;51r[51;1H
[1;52r[51;1H[33m 75 [m[52;65H[K[52;65H75,1[10C42%[51;5H[1;51r[51;1H
[1;52r[51;1H[33m 76 [m3. bin/rshell[52;65H[K[52;65H76,1[10C43%[51;5H[1;51r[51;1H
[1;52r[51;1H[33m 77 [m[52;65H[K[52;65H77,1[10C44%[51;5H[1;51r[1;1H[4M[1;52r[48;1H[33m 78 [m4. repeat
[33m 79 
 80 
 81 [mRShell will now open up instead of BASH and you can execute almost commands as[51;1H[1m[34m@                                                                                 [m[52;65H[K[52;65H78,1[10C46%[48;5H[52;66H9[49;5H[52;65H80[50;5H[1;51r[51;1H
[1;52r[50;1H[33m 81 [mRShell will now open up instead of BASH and you can execute almost commands ass[51;1H[33m    [m included in the regular terminal.[52;65H[K[52;65H81,1[10C47%[50;5H[1;51r[1;1H[6M[1;52r[46;1H[33m 82 
 83 [mLS
[33m 84 [m-----
[33m 85 [m1. cd ~/CS100/rshell
[33m 86 
 87 [m2. make[52;65H[K[52;65H82,1[10C50%[46;5H[52;66H3[47;5H[52;66H4[48;5H[52;66H5[49;5H[52;66H6[50;5H[52;66H7[51;5H[1;51r[51;1H
[1;52r[51;1H[33m 88 [m[52;65H[K[52;65H88,1[10C51%[51;5H[1;51r[1;1H[4M[1;52r[48;1H[33m 89 [m3. bin/ls ls /[paths] -[flags]
[33m 90 
 91 [mProgram reviewed by the University of California, Riverside.
[33m 92 [m------------------------------------------------------------[52;65H[K[52;65H89,1[10C54%[48;5H[52;65H90[49;5H[52;66H1[50;5H[52;66H2[51;5H[1;51r[1;1H[2M[1;52r[50;1H[33m 93 [mBasic Overview of Command Shells: [HERE](http://linuxgazette.net/111/ramankuttt[51;1H[33m    [my.html)[52;65H[K[52;65H93,1[10C55%[50;5H[1;51r[1;1H[2M[1;52r[50;1H[33m 94 
 95 [mThis program is developed to write a simple command shell called [31m"RShell."[m[52;65H[K[52;65H94,1[10C57%[50;5H[52;66H5[51;5H[1;51r[51;1H
[1;52r[51;1H[33m 96 [m[52;65H[K[52;65H96,1[10C58%[51;5H[1;51r[1;1H[5M[1;52r[47;1H[33m 97 [m- It will offer similarities such as the normal BASH Command shell.
[33m 98 
 99 [m- Execute the command of ls to a file (with given instructions above)
[33m100 
101 [m- Can call all commands of BASH with execvp function[52;65H[K[52;65H97,1[10C61%[47;5H[52;66H8[48;5H[52;66H9[49;5H[52;65H100,1[50;5H[52;67H1[51;5H[1;51r[51;1H
[1;52r[51;1H[33m102 [m[52;65H[K[52;65H102,1[9C62%[51;5H[1;51r[1;1H[2M[1;52r[50;1H[33m103 [m- Have special built in command [31m"exit"[m to exit RSHELL and return to your locall[51;1H[33m    [m SHELL[52;65H[K[52;65H103,1[9C64%[50;5H[1;51r[1;1H[4M[1;52r[48;1H[33m104 
105 
106 [mBugs
[33m107 [m---[52;65H[K[52;65H104,1[9C67%[48;5H[52;67H5[49;5H[52;67H6[50;5H[52;67H7[51;5H[1;51r[1;1H[3M[1;52r[49;1H[33m108 [m1. Can only run RSHELL within itself 4 times before encountering [31m"execvp:fork""[m[50;1H[33m    [m error. Believe this issue has to due with my inadvertent fork() call in my maa[51;1H[33m    [min. I believe its hogging resources.[52;65H[K[52;65H108,1[9C68%[49;5H[1;51r[51;1H
[1;52r[51;1H[33m109 [m[52;65H[K[52;65H109,1[9C69%[51;5H[1;51r[1;1H[2M[1;52r[50;1H[33m110 [m2. Combining commands with only a single `&` produces slightly different resull[51;1H[33m    [mts compared to bash.[52;65H[K[52;65H110,1[9C71%[50;5H[1;51r[51;1H
[1;52r[51;1H[33m111 [m[52;65H[K[52;65H111,1[9C72%[51;5H[1;51r[1;1H[3M[1;52r[49;1H[33m112 [m3.Cannot handle single `|`. RSHELL is supposed to perform slightly second cmd  [50;1H[33m    [mbut RSHELL performs both.
[33m113 [m[52;65H[K[52;65H112,1[9C74%[49;5H[52;67H3[51;5H[1;51r[1;1H[2M[1;52r[50;1H[33m114 [m4.Cannot handle multiple combinations of `&&`. (ie: ls &&&& ls performs both ll[51;1H[33m    [ms commands in my shell). Parsing error with strtok_r()[52;65H[K[52;65H114,1[9C75%[50;5H[1;51r[51;1H
[1;52r[51;1H[33m115 [m[52;65H[K[52;65H115,1[9C76%[51;5H[1;51r[1;1H[2M[1;52r[50;1H[33m116 [m5.Cannot handle `#` (or any combination) after a cmd. RSHELL treats this simpll[51;1H[33m    [my as the cmd. Another parsing error with strtok_r()[52;65H[K[52;65H116,1[9C77%[50;5H[1;51r[51;1H
[1;52r[51;1H[33m117 [m[52;65H[K[52;65H117,1[9C78%[51;5H[1;51r[1;1H[3M[1;52r[49;1H[33m118 [m6.Cannot properly start a command string with `&&` or `||`. My shell parses too[50;1H[33m    [mo vigorously and dismisses these invalid commands. Treats such cases as if thee[51;1H[33m    [m connectors do not exist.[52;65H[K[52;65H118,1[9C80%[49;5H[1;51r[51;1H
[1;52r[51;1H[33m119 [m[52;65H[K[52;65H119,1[9C81%[51;5H[1;51r[1;1H[3M[1;52r[49;1H[33m120 [m7.Cannot properly handle echo-ing into a file. (ie: `echo test > example` in mm[50;1H[33m    [my shell simply echoes the result.
[33m121 [m[52;65H[K[52;65H120,1[9C83%[49;5H[52;67H1[51;5H[1;51r[1;1H[2M[1;52r[50;1H[33m122 [m8.RSHELL cannot handle the command cd. We were not supposed to implement this  [51;1H[33m    [min the assignment though.[52;65H[K[52;65H122,1[9C84%[50;5H[1;51r[51;1H
[1;52r[51;1H[33m123 [m[52;65H[K[52;65H123,1[9C85%[51;5H[1;51r[51;1H
[1;52r[51;1H[33m124 [m9.Up arrow to bring up previous commands does not work.[52;65H[K[52;65H124,1[9C86%[51;5H[1;51r[51;1H
[1;52r[51;1H[33m125 [m[52;65H[K[52;65H125,1[9C87%[51;5H[1;51r[51;1H
[1;52r[51;1H[33m126 [mLS[52;65H[K[52;65H126,1[9C88%[51;5H[52;67H5[50;5H[52;67H4[49;5H[52;69H2[49;6H[52;69H3[49;7H. Up arrow to bring up previous commands does not work.[52;69H4[49;8H[52;67H3,1[48;5H[52;67H2,4[46;8H[52;67H1,1[45;5H[52;67H2,4[46;8H[52;69H3[46;7H. RSHELL cannot handle the command cd. We were not supposed to implement thiss[47;1H[33m    [m in the assignment though.[52;69H4[46;8H[52;67H1,1[45;5H[52;67H0,4[43;8H[52;69H3[43;7H. Cannot properly handle echo-ing into a file. (ie: `echo test > example` in  [44;1H[33m    [mmy shell simply echoes the result.[52;69H4[43;8H[52;66H19,1[42;5H[52;67H8,4[39;8H[52;67H7,1[38;5H[52;67H8,4[39;8H[52;69H3[39;7H. Cannot properly start a command string with `&&` or `||`. My shell parses tt[40;1H[33m [m[3Coo vigorously and dismisses these invalid commands. Treats such cases as if thh[41;1H[33m    [me connectors do not exist.[52;69H4[39;8H.Cannot properly start a command string with `&&` or `||`. My shell parses too[40;1H[33m [m[3Co vigorously and dismisses these invalid commands. Treats such cases as if thee[41;1H[33m    [m connectors do not exist.[41;30H[K[52;69H3[39;7H6Cannot properly start a command string with `&&` or `||`. My shell parses tooo[40;1H[33m    [m vigorously and dismisses these invalid commands. Treats such cases as if the  [41;1H[33m    [mconnectors do not exist.[41;29H[K[52;69H2[39;6H6.Cannot properly start a command string with `&&` or `||`. My shell parses too[40;1H[33m    [mo vigorously and dismisses these invalid commands. Treats such cases as if thee[41;1H[33m    [m connectors do not exist.[52;69H3[39;7H. Cannot properly start a command string with `&&` or `||`. My shell parses tt[40;1H[33m [m[3Coo vigorously and dismisses these invalid commands. Treats such cases as if thh[41;1H[33m    [me connectors do not exist.[52;69H4[39;8H[52;67H7,1[38;5H[52;67H6,4[36;8H[52;69H3[36;7H. Cannot handle `#` (or any combination) after a cmd. RSHELL treats this simpp[37;1H[33m    [mly as the cmd. Another parsing error with strtok_r()[52;69H4[36;8H[52;67H5,1[35;5H[52;67H4,4[33;8H[52;69H3[33;7H. Cannot handle multiple combinations of `&&`. (ie: ls &&&& ls performs both  [34;1H[33m    [mls commands in my shell). Parsing error with strtok_r()[52;69H4[33;8H[52;67H3,1[32;5H[52;67H2,4[30;8H[52;69H3[30;7H. Cannot handle single `|`. RSHELL is supposed to perform slightly second cmdd[31;1H[33m    [m but RSHELL performs both.[52;69H4[30;8H[52;67H3,1[32;5H[52;67H4,4[33;8H[52;67H5,1[35;5H[52;67H6,4[36;8H[52;67H7,1[38;5H[52;67H8,4[39;8H[52;67H9,1[42;5H[52;66H20,4[43;8H[52;67H1,1[45;5H[52;67H2,4[46;8H[52;67H3,1[48;5H[52;67H4,4[49;8H[52;67H5,1[50;5H[52;67H6,3[51;7H[1;51r[51;1H
[1;52r[51;1H[33m127 [m-----[52;65H[K[52;65H127,4[9C89%[51;8H[1;51r[51;1H
[1;52r[51;1H[33m128 [m1. Outputs extra endl whitespace[52;65H[K[52;65H128,4[9C90%[51;8H[1;51r[51;1H
[1;52r[51;1H[33m129 [m[52;65H[K[52;65H129,1[9C91%[51;5H[1;51r[51;1H
[1;52r[51;1H[33m130 [m2. Cannot handle the -R flag[52;65H[K[52;65H130,4[9C92%[51;8H[1;51r[51;1H
[1;52r[51;1H[33m131 [m[52;65H[K[52;65H131,1[9C93%[51;5H[1;51r[1;1H[2M[1;52r[50;1H[33m132 [m3. Sorting does not work
[33m133 [m[52;65H[K[52;65H132,4[9C95%[50;8H[52;67H3,1[51;5H[1;51r[51;1H
[1;52r[51;1H[33m134 [m4. Does not print in color like actual ls[52;65H[K[52;65H134,4[9C96%[51;8H[52;67H3,1[50;5H[52;67H2,4[49;8H[52;67H1,1[48;5H[52;67H0,4[47;8H[52;66H29,1[46;5H[52;67H8,4[45;8H[52;67H7[44;8H[52;67H6,3[43;7H[52;67H5,1[42;5H[52;67H4,4[41;8H[52;67H3,1[40;5H[52;67H2,4[38;8H[52;67H1,1[37;5H[52;67H0,4[35;8H[52;66H19,1[34;5H[52;67H8,4[31;8H[52;67H7,1[30;5H[52;67H6,4[28;8H[52;67H5,1[27;5H[52;67H4,4[25;8H[52;67H3,1[24;5H[52;67H2,4[22;8H[52;67H1,1[21;5H[52;67H0,4[19;8H[52;66H09,1[18;5H[52;67H8,4[15;8H[52;67H7[14;8H[52;67H6[13;8H[52;67H7[14;8H[15;5H[K[16;1H[33m109 [m1. Can only run RSHELL within itself 4 times before encountering [31m"execvp:fork""[m[17;1H[33m    [m error. Believe this issue has to due with my inadvertent fork() call in my maa[18;1H[33m    [min. I believe its hogging resources.[19;5H[K[20;1H[33m111 [m2. Combining commands with only a single `&` produces slightly different resull[21;1H[33m    [mts compared to bash.[22;5H[K[23;1H[33m113 [m3. Cannot handle single `|`. RSHELL is supposed to perform slightly second cmdd[24;1H[33m   [m[1C but RSHELL performs both.[25;5H[K[26;1H[33m115 [m4. Cannot handle multiple combinations of `&&`. (ie: ls &&&& ls performs both  [27;1H[33m    [mls commands in my shell). Parsing error with strtok_r()[28;5H[K[29;1H[33m117 [m5. Cannot handle `#` (or any combination) after a cmd. RSHELL treats this simpp[30;1H[33m    [mly as the cmd. Another parsing error with strtok_r()[31;5H[K[32;1H[33m119 [m6. Cannot properly start a command string with `&&` or `||`. My shell parses tt[33;1H[33m    [moo vigorously and dismisses these invalid commands. Treats such cases as if thh[34;1H[33m    [me connectors do not exist.[35;5H[K[36;1H[33m121 [m7. Cannot properly handle echo-ing into a file. (ie: `echo test > example` in  [37;1H[33m    [mmy shell simply echoes the result.[38;5H[K[39;1H[33m123 [m8. RSHELL cannot handle the command cd. We were not supposed to implement thiss[40;1H[33m   [m[1C in the assignment though.[41;5H[K[42;4H[33m [m9. Up arrow to bring up previous commands does not work.[43;5H[K[44;4H[33m [mLS[44;7H[K[45;4H[33m [m-----[45;10H[K[46;4H[33m [m1. Outputs extra endl whitespace[47;5H[K[48;4H[33m [m2. Cannot handle the -R flag[49;5H[K[50;4H[33m [m3. Sorting does not work[51;5H[K[52;67H8,1[10C5[15;5H[33m [mR[52;69H2[15;6HRS[52;69H3[15;7HSH[52;69H4[15;8HHE[52;69H5[15;9HEL[52;69H6[15;10HLL[52;69H7[15;11H[16;5H[K[17;1H[33m110 [m1. Can only run RSHELL within itself 4 times before encountering [31m"execvp:fork""[m[18;1H[33m    [m error. Believe this issue has to due with my inadvertent fork() call in my maa[19;1H[33m    [min. I believe its hogging resources.[20;5H[K[21;1H[33m112 [m2. Combining commands with only a single `&` produces slightly different resull[22;1H[33m    [mts compared to bash.[23;5H[K[24;1H[33m114 [m3. Cannot handle single `|`. RSHELL is supposed to perform slightly second cmdd[25;1H[33m   [m[1C but RSHELL performs both.[26;5H[K[27;1H[33m116 [m4. Cannot handle multiple combinations of `&&`. (ie: ls &&&& ls performs both  [28;1H[33m    [mls commands in my shell). Parsing error with strtok_r()[29;5H[K[30;1H[33m118 [m5. Cannot handle `#` (or any combination) after a cmd. RSHELL treats this simpp[31;1H[33m    [mly as the cmd. Another parsing error with strtok_r()[32;5H[K[33;1H[33m120 [m6. Cannot properly start a command string with `&&` or `||`. My shell parses tt[34;1H[33m    [moo vigorously and dismisses these invalid commands. Treats such cases as if thh[35;1H[33m    [me connectors do not exist.[36;5H[K[37;1H[33m122 [m7. Cannot properly handle echo-ing into a file. (ie: `echo test > example` in  [38;1H[33m    [mmy shell simply echoes the result.[39;5H[K[40;1H[33m124 [m8. RSHELL cannot handle the command cd. We were not supposed to implement thiss[41;1H[33m   [m[1C in the assignment though.[42;5H[K[43;4H[33m [m9. Up arrow to bring up previous commands does not work.[44;5H[K[45;4H[33m [mLS[45;7H[K[46;4H[33m [m-----[46;10H[K[47;4H[33m [m1. Outputs extra endl whitespace[48;5H[K[49;4H[33m [m2. Cannot handle the -R flag[50;5H[K[51;4H[33m [m3. Sorting does not work[52;67H9,1[10C4[16;5H[33m [m-[52;69H2[16;6H--[52;69H3[16;7H--[52;69H4[16;8H--[52;69H5[16;9H--[52;69H6[16;10H--[52;69H7[16;11H[52;66H10[17;11H[52;67H1,1[20;5H[52;67H2,7[21;11H[52;67H3,1[23;5H[52;67H4,7[24;11H[52;67H5,1[26;5H[52;67H6,7[27;11H[52;67H7,1[29;5H[52;67H8,7[30;11H[52;67H9,1[32;5H[52;66H20,7[33;11H[52;67H1,1[36;5H[52;67H2,7[37;11H[52;67H3,1[39;5H[52;67H4,7[40;11H[52;67H5,1[42;5H[52;67H6,7[43;11H[52;69H8[43;12H[52;69H9[43;13H[52;69H10[43;14H[52;70H1[43;15H[52;70H2[43;16H[52;70H3[43;17H[52;70H4[43;18H[52;70H5[43;19H[52;70H6[43;20H[52;70H7[43;21H[52;70H8[43;22H[52;70H9[43;23H[52;69H20[43;24H[52;70H1[43;25H[52;70H2[43;26H[52;70H3[43;27H[52;70H4[43;28H[52;70H5[43;29H[52;70H6[43;30H[52;70H7[43;31H[52;70H8[43;32H[52;70H9[43;33H[52;69H30[43;34H[52;70H1[43;35H[52;70H2[43;36H[52;70H3[43;37H[52;70H4[43;38H[52;70H5[43;39H[52;70H6[43;40H[52;70H7[43;41H[52;70H8[43;42H[52;70H9[43;43H[52;69H40[43;44H[52;70H1[43;45H[52;70H2[43;46H[52;70H3[43;47H[52;70H4[43;48H[52;70H5[43;49H[52;70H6[43;50H[52;70H7[43;51H[52;70H8[43;52H[52;70H9[43;53H[52;69H50[43;54H[52;70H1[43;55H[52;70H2[43;56H[52;70H3[43;57H[52;70H4[43;58H[52;70H5[43;59H[52;70H6[43;60H[52;70H7[43;61H[52;70H8[43;62H[45;5H[K[46;4H[33m [mLS[46;7H[K[47;4H[33m [m-----[47;10H[K[48;4H[33m [m1. Outputs extra endl whitespace[49;5H[K[50;4H[33m [m2. Cannot handle the -R flag[51;5H[K[52;67H7,1 [44;5H[46;5H[K[47;4H[33m [mLS[47;7H[K[48;4H[33m [m-----[48;10H[K[49;4H[33m [m1. Outputs extra endl whitespace[50;5H[K[51;4H[33m [m2. Cannot handle the -R flag[52;67H8[12C3[45;5H[33m [mU[52;69H2[45;6HUP[52;69H3[45;7HPD[52;69H4[45;8HDA[52;69H5[45;9HAT[52;69H6[45;10HTE[52;69H7[45;11HED[52;69H8[45;12H[52;69H9[45;13H 1[52;69H10[45;14H11[52;70H1[45;15H1/[52;70H2[45;16H/2[52;70H3[45;17H20[52;70H4[45;18H0/[52;70H5[45;19H/1[52;70H6[45;20H14[52;70H7[45;21H[47;5H[K[48;4H[33m [mLS[48;7H[K[49;4H[33m [m-----[49;10H[K[50;4H[33m [m1. Outputs extra endl whitespace[51;5H[K[52;67H9,1 [9C2[46;5H[48;5H[K[49;4H[33m [mLS[49;7H[K[50;4H[33m [m-----[50;10H[K[51;4H[33m [m1. Outputs extra endl whitespace[52;66H30[12C1[47;5H[33m [m1[52;69H2[47;6H10[52;69H3[47;7H0.[52;69H4[47;8H[52;69H5[47;9H C[52;69H6[47;10HCo[52;69H7[47;11Hou[52;69H8[47;12Hul[52;69H9[47;13Hld[52;69H10[47;14H[52;70H1[47;15H n[52;70H2[47;16Hno[52;70H3[47;17Hot[52;70H4[47;18H[52;70H5[47;19H[52;70H4[47;18H[47;17H[K[52;70H3[47;17H[47;16H[K[52;70H2[47;16H[47;15H[K[52;70H1[47;15H[52;70H0[47;14H[47;13H[K[52;69H9 [47;13H[47;12H[K[52;69H8[47;12H[47;11H[K[52;69H7[47;11H[47;10H[K[52;69H6[47;10H[47;9H[K[52;69H5[47;9H P[52;69H6[47;10HPr[52;69H7[47;11Hro[52;69H8[47;12Hog[52;69H9[47;13Hgr[52;69H10[47;14Hra[52;70H1[47;15Ham[52;70H2[47;16H[52;70H3[47;17H c[52;70H4[47;18Hca[52;70H5[47;19Han[52;70H6[47;20Hnn[52;70H7[47;21Hni[52;70H8[47;22Hit[52;70H9[47;23H[47;22H[K[52;70H8[47;22H[47;21H[K[52;70H7[47;21Hno[52;70H8[47;22Hot[52;70H9[47;23H[52;69H20[47;24H l[52;70H1[47;25Hlo[52;70H2[47;26Hoo[52;70H3[47;27Hop[52;70H4[47;28H[52;70H5[47;29H w[52;70H6[47;30Hwh[52;70H7[47;31Hhi[52;70H8[47;32Hil[52;70H9[47;33Hle[52;69H30[47;34H[52;70H1[47;35H i[52;70H2[47;36Him[52;70H3[47;37Hml[52;70H4[47;38H[47;37H[K[52;70H3[47;37Hmp[52;70H4[47;38Hpl[52;70H5[47;39Hle[52;70H6[47;40Hem[52;70H7[47;41Hme[52;70H8[47;42Hen[52;70H9[47;43Hnt[52;69H40[47;44Hti[52;70H1[47;45Hin[52;70H2[47;46Hng[52;70H3[47;47H[52;70H4[47;48H t[52;70H5[47;49Hth[52;70H6[47;50Hhe[52;70H7[47;51H[52;70H8[47;52H p[52;70H9[47;53Hpi[52;69H50[47;54Hip[52;70H1[47;55Hpi[52;70H2[47;56Hin[52;70H3[47;57Hng[52;70H4[47;58Hg/[52;70H5[47;59H/r[52;70H6[47;60Hre[52;70H7[47;61Hed[52;70H8[47;62Hdi[52;70H9[47;63Hir[52;69H60[47;64Hre[52;70H1[47;65Hec[52;70H2[47;66Hct[52;70H3[47;67Hti[52;70H4[47;68Hin[52;70H5[47;69Hng[52;70H6[47;70H[52;70H7[47;71H f[52;70H8[47;72Hfu[52;70H9[47;73Hun[52;69H70[47;74Hnc[52;70H1[47;75Hct[52;70H2[47;76H[47;75H[K[52;70H1[47;75Hci[52;70H2[47;76Hio[52;70H3[47;77Hon[52;70H4[47;78Hna[52;70H5[47;79Hal[52;70H6[47;80Hli[52;70H7[47;81Hit[52;70H8[47;82Hty[52;70H9[48;5H[48;51r[48;1H[L[1;52r[48;1H[33m    [m.[52;65H[K[52;65H130,80[8C90%[48;6H[52;70H1[48;7H I[52;70H2[48;8H[52;70H3[48;9H f[52;70H4[48;10Hfo[52;70H5[48;11Hou[52;70H6[48;12Hun[52;70H7[48;13Hnd[52;70H8[48;14H[52;70H9[48;15H t[52;69H90[48;16Hth[52;70H1[48;17Hhe[52;70H2[48;18H[52;70H3[48;19H s[52;70H4[48;20Hso[52;70H5[48;21Hou[52;70H6[48;22Hur[52;70H7[48;23Hrc[52;70H8[48;24Hce[52;70H9[48;25H[52;69H100[48;26H w[52;71H1[48;27Hwa[52;71H2[48;28Has[52;71H3[48;29H[52;71H4[48;30H t[52;71H5[48;31Hth[52;71H6[48;32Hhe[52;71H7[48;33H[52;71H8[48;34H w[52;71H9[48;35Hwa[52;70H10[48;36Hay[52;71H1[48;37H[52;71H2[48;38H I[52;71H3[48;39H[52;71H4[48;40H w[52;71H5[48;41Hwa[52;71H6[48;42Has[52;71H7[48;43H[52;71H8[48;44H h[52;71H9[48;45Hha[52;70H20[48;46Han[52;71H1[48;47Hnd[52;71H2[48;48Hdl[52;71H3[48;49Hle[52;71H4[48;50H[52;71H5[48;51H[52;71H4[48;50H[48;49H[K[52;71H3[48;49Hli[52;71H4[48;50Hin[52;71H5[48;51Hng[52;71H6[48;52H[52;71H7[48;53H ([52;71H8[48;54H(o[52;71H9[48;55Hor[52;70H30[48;56H[52;71H1[48;57H r[52;71H2[48;58Hra[52;71H3[48;59Hat[52;71H4[48;60Hth[52;71H5[48;61Hhe[52;71H6[48;62Her[52;71H7[48;63H[52;71H8[48;64H n[52;71H9[48;65Hno[52;70H40[48;66Hot[52;71H1[48;67Ht)[48;53H[46m([13C)[m[52;71H2[48;68H[48;53H([13C)[52;71H3[48;69H m[52;71H4[48;70Hmt[52;71H5[48;71H[48;70H[K[52;71H4[48;70Hmy[52;71H5[48;71H[52;71H6[48;72H m[52;71H7[48;73Hma[52;71H8[48;74Hai[52;71H9[48;75Hin[52;70H50[48;76H[52;71H1[48;77H f[52;71H2[48;78Hfo[52;71H3[48;79Hor[52;71H4[48;80Hrk[52;71H5[48;81Hk.[52;71H6[48;82H[52;71H7[49;5H[49;51r[49;1H[L[1;52r[49;1H[33m    [mI[52;65H[K[52;65H130,158[7C89%[49;6H[52;71H9[49;7H a[52;70H60[49;8Hat[52;71H1[49;9Htt[52;71H2[49;10Hte[52;71H3[49;11Hem[52;71H4[49;12Hmp[52;71H5[49;13Hpt[52;71H6[49;14Hte[52;71H7[49;15Hed[52;71H8[49;16H[52;71H9[49;17H t[52;70H70[49;18Hto[52;71H1[49;19H[52;71H2[49;20H f[52;71H3[49;21Hfi[52;71H4[49;22Hix[52;71H5[49;23H[52;71H6[49;24H t[52;71H7[49;25Hth[52;71H8[49;26Hhi[52;71H9[49;27His[52;70H80[49;28H[52;71H1[49;29H b[52;71H2[49;30Hbu[52;71H3[49;31Hut[52;71H4[49;32H[52;71H5[49;33H b[52;71H6[49;34Hbu[52;71H7[49;35Hut[52;71H8[49;36H[52;71H9[49;37H i[52;70H90[49;38Hit[52;71H1[49;39H[52;71H2[49;40H s[52;71H3[49;41Hsi[52;71H4[49;42Him[52;71H5[49;43Hmp[52;71H6[49;44Hpl[52;71H7[49;45Hly[52;71H8[49;46H[52;71H9[49;47H r[52;69H200[49;48Hre[52;71H1[49;49Hei[52;71H2[49;50Hin[52;71H3[49;51Hnt[52;71H4[49;52Htr[52;71H5[49;53Hro[52;71H6[49;54Hod[52;71H7[49;55Hdu[52;71H8[49;56Huc[52;71H9[49;57Hce[52;70H10[49;58Hed[52;71H1[49;59H[52;71H2[49;60H f[52;71H3[49;61Hfa[52;71H4[49;62Har[52;71H5[49;63H[52;71H6[49;64H t[52;71H7[49;65Hto[52;71H8[49;66Hoo[52;71H9[49;67H[52;70H20[49;68H m[52;71H1[49;69Hma[52;71H2[49;70Han[52;71H3[49;71Hny[52;71H4[49;72H[52;71H5[49;73H b[52;71H6[49;74Hbu[52;71H7[49;75Hug[52;71H8[49;76Hgs[52;71H9[49;77Hs.[52;70H30[49;78H[52;71H1[49;79H I[52;71H2[49;80H[52;71H3[49;81H f[52;71H4[49;82Hfi[52;71H5[50;5H[33m    [mg[51;2H[33m31[m[51;5H[K[52;71H6[8C8[50;6Hgu[52;71H7[50;7Hur[52;71H8[50;8Hre[52;71H9[50;9Hed[52;70H40[50;10H[52;71H1[50;11H i[52;71H2[50;12Hit[52;71H3[50;13H[52;71H4[50;14H w[52;71H5[50;15Hwo[52;71H6[50;16Hou[52;71H7[50;17Hul[52;71H8[50;18Hld[52;71H9[50;19H[52;70H50[50;20H b[52;71H1[50;21Hbe[52;71H2[50;22H[52;71H3[50;23H b[52;71H4[50;24Hbe[52;71H5[50;25Het[52;71H6[50;26Htt[52;71H7[50;27Hte[52;71H8[50;28Her[52;71H9[50;29H[52;70H60[50;30H t[52;71H1[50;31Hto[52;71H2[50;32H[52;71H3[50;33H h[52;71H4[50;34Hha[52;71H5[50;35Hav[52;71H6[50;36Hve[52;71H7[50;37H[52;71H8[50;38H c[52;71H9[50;39Hco[52;70H70[50;40Hod[52;71H1[50;41Hde[52;71H2[50;42H[52;71H3[50;43H t[52;71H4[50;44Hth[52;71H5[50;45Hha[52;71H6[50;46Hat[52;71H7[50;47H[52;71H8[50;48H w[52;71H9[50;49Hwo[52;70H80[50;50Hor[52;71H1[50;51Hrk[52;71H2[50;52Hks[52;71H3[50;53H[52;71H4[50;54H w[52;71H5[50;55Hwe[52;71H6[50;56Hel[52;71H7[50;57Hll[52;71H8[50;58H[52;71H9[50;59H o[52;70H90[50;60Hon[52;71H1[50;61H[52;71H2[50;62H a[52;71H3[50;63H[52;71H4[50;64H s[52;71H5[50;65Hsi[52;71H6[50;66Hin[52;71H7[50;67Hng[52;71H8[50;68Hge[52;71H9[50;69H[50;68H[K[52;71H8[50;68Hgl[52;71H9[50;69Hle[52;69H300[50;70H[52;71H1[50;71H p[52;71H2[50;72Hpr[52;71H3[50;73Hro[52;71H4[50;74Hoc[52;71H5[50;75Hce[52;71H6[50;76Hee[52;71H7[50;77H[50;76H[K[52;71H6[50;76Hes[52;71H7[50;77Hss[52;71H8[50;78H[52;71H9[50;79H a[52;70H10[50;80Hat[52;71H1[50;81H[52;71H2[50;82H a[52;71H3[51;5H[33m   [m[52;71H4[8C7[51;6H t[52;71H5[51;7Hti[52;71H6[51;8Him[52;71H7[51;9Hme[52;71H8[51;10H[52;71H9[51;11H r[52;70H20[51;12Hra[52;71H1[51;13Hat[52;71H2[51;14Hth[52;71H3[51;15Hhe[52;71H4[51;16Her[52;71H5[51;17H[52;71H6[51;18H t[52;71H7[51;19Hth[52;71H8[51;20Hha[52;71H9[51;21Han[52;70H30[51;22H[52;71H1[51;23H n[52;71H2[51;24Hno[52;71H3[51;25H[52;71H4[51;26H p[52;71H5[51;27Hpr[52;71H6[51;28Hro[52;71H7[51;29Hoc[52;71H8[51;30Hce[52;71H9[51;31Hes[52;70H40[51;32Hse[52;71H1[51;33Hes[52;71H2[51;34H[52;71H3[51;35H a[52;71H4[51;36Hat[52;71H5[51;37H[52;71H6[51;38H a[52;71H7[51;39H[52;71H8[51;40H t[52;71H9[51;41Hti[52;70H50[51;42Him[52;71H1[51;43Hme[52;71H2[51;44He.[52;71H3[51;45H[1;51r[51;1H
[1;52r[51;1H[33m131 [m[52;65H[K[52;65H131,1[9C87%[51;5H[1;51r[51;1H
[1;52r[51;1H[33m132 [m[52;65H[K[52;65H132,1[9C88%[51;5H[33m [m1[52;69H2[51;6H11[52;69H3[51;7H1.[52;69H4[51;8H[52;69H5[51;9H C[52;69H6[51;10HCa[52;69H7[51;11Han[52;69H8[51;12Hnn[52;69H9[51;13Hno[52;69H10[51;14Hot[52;70H1[51;15H[52;70H2[51;16H h[52;70H3[51;17Hha[52;70H4[51;18Han[52;70H5[51;19Hnd[52;70H6[51;20Hdl[52;70H7[51;21Hle[52;70H8[51;22H[52;70H9[51;23H e[52;69H20[51;24Hec[52;70H1[51;25Hch[52;70H2[51;26Hho[52;70H3[51;27H[51;26H[K[52;70H2[51;26H[51;25H[K[52;70H1[51;25H[51;24H[K[52;70H0[51;24H[51;23H[K[52;69H19[51;23H [31m'[m[52;69H20[51;24H[31m'e[m[52;70H1[51;25H[31mec[m[52;70H2[51;26H[31mch[m[52;70H3[51;27H[31mho[m[52;70H4[51;28H[31m [m[52;70H5[51;29H[51;28H[K[52;70H4[51;28H[51;27H[K[52;70H3[51;27H[51;26H[K[52;70H2[51;26H[51;25H[K[52;70H1[51;25H[51;24H[K[52;70H0[51;24H[31m'c[m[52;70H1[51;25H[31mca[m[52;70H2[51;26H[31mat[m[52;70H3[51;27H[31m [m[52;70H4[51;28H[31m <[m[52;70H5[51;29H[31m [m[52;70H6[51;30H[31m t[m[52;70H7[51;31H[31mte[m[52;70H8[51;32H[31mes[m[52;70H9[51;33H[31mst[m[52;69H30[51;34H[51;33H[K[52;69H29[51;33H[51;32H[K[52;70H8[51;32H[51;31H[K[52;70H7[51;31H[51;30H[K[52;70H6[51;30H[31m f[m[52;70H7[51;31H[31mfi[m[52;70H8[51;32H[31mil[m[52;70H9[51;33H[31mle[m[52;69H30[51;34H[31m [m[52;70H1[51;35H[31m >[m[52;70H2[51;36H[31m [m[52;70H3[51;37H[31m f[m[52;70H4[51;38H[31mfi[m[52;70H5[51;39H[31mil[m[52;70H6[51;40H[31mle[m[52;70H7[51;41H[31me2[m[52;70H8[51;42H[31m2'[m[52;70H9[51;43H[1;51r[51;1H
[1;52r[51;1H[33m133 [m[52;65H[K[52;65H133,1[9C88%[51;5H[1;51r[51;1H
[1;52r[51;1H[33m134 [m[52;65H[K[52;65H134,1[9C88%[51;5H[33m [m1[52;69H2[51;6H12[52;69H3[51;7H2.[52;69H4[51;8H[52;69H5[51;9H S[52;69H6[51;10HSo[52;69H7[51;11Hom[52;69H8[51;12Hme[52;69H9[51;13Het[52;69H10[51;14Hti[52;70H1[51;15Him[52;70H2[51;16Hme[52;70H3[51;17Hes[52;70H4[51;18H[52;70H5[51;19H r[52;70H6[51;20Hra[52;70H7[51;21Han[52;70H8[51;22Hnd[52;70H9[51;23Hdo[52;69H20[51;24Hom[52;70H1[51;25Hma[52;70H2[51;26H[51;25H[K[52;70H1[51;25Hml[52;70H2[51;26Hly[52;70H3[51;27H[52;70H4[51;28H t[52;70H5[51;29Hth[52;70H6[51;30Hhr[52;70H7[51;31Hro[52;70H8[51;32Hou[52;70H9[51;33Hug[52;69H30[51;34Hgh[52;70H1[51;35Hho[52;70H2[51;36Hou[52;70H3[51;37Hut[52;70H4[51;38H[52;70H5[51;39H t[52;70H6[51;40Hth[52;70H7[51;41H[51;40H[K[52;70H6[51;40H[51;39H[K[52;70H5[51;39H[52;70H6[51;40H[52;70H5[51;39H c[52;70H6[51;40Hco[52;70H7[51;41Hod[52;70H8[51;42Hde[52;70H9[51;43H[52;69H40[51;44H e[52;70H1[51;45Hex[52;70H2[51;46Hxe[52;70H3[51;47Hec[52;70H4[51;48Hcu[52;70H5[51;49Hut[52;70H6[51;50Hti[52;70H7[51;51Hio[52;70H8[51;52Hon[52;70H9[51;53Hn,[52;69H50[51;54H[51;53H[K[52;69H49[51;53H[52;69H50[51;54H t[52;70H1[51;55Hth[52;70H2[51;56Hhe[52;70H3[51;57H[52;70H4[51;58H p[52;70H5[51;59Hpr[52;70H6[51;60Hro[52;70H7[51;61Hog[52;70H8[51;62Hgr[52;70H9[51;63Hra[52;69H60[51;64Ham[52;70H1[51;65H[52;70H2[51;66H w[52;70H3[51;67Hwi[52;70H4[51;68Hil[52;70H5[51;69Hll[52;70H6[51;70H[52;70H7[51;71H c[52;70H8[51;72Hcr[52;70H9[51;73Hre[52;69H70[51;74Hea[52;70H1[51;75Hat[52;70H2[51;76Hte[52;70H3[51;77H[52;70H4[51;78H r[52;70H5[51;79Hra[52;70H6[51;80Han[52;70H7[51;81Hnd[52;70H8[51;82H[1;51r[51;1H
[1;52r[50;81Hdo[51;1H[33m135 [m[52;65H[K[52;65H134,79[8C89%[51;5H[33m    [mm[52;69H80[9C8[51;6H[52;70H1[51;7H f[52;70H2[51;8Hfi[52;70H3[51;9Hil[52;70H4[51;10Hle[52;70H5[51;11Hes[52;70H6[51;12H[52;70H7[51;13H w[52;70H8[51;14Hwi[52;70H9[51;15Hit[52;69H90[51;16Hth[52;70H1[51;17H[52;70H2[51;18H p[52;70H3[51;19Hpi[52;70H4[51;20Hie[52;70H5[51;21Hec[52;70H6[51;22Hce[52;70H7[51;23Hes[52;70H8[51;24H[52;70H9[51;25H o[52;69H100[51;26Hof[52;71H1[51;27H[52;71H2[51;28H n[52;71H3[51;29Hna[52;71H4[51;30Ham[52;71H5[51;31Hme[52;71H6[51;32Hes[52;71H7[51;33H[52;71H8[51;34H ([52;71H9[51;35H(i[52;70H10[51;36Hie[52;71H1[51;37H[52;71H2[51;38H [31m"[m[52;71H3[51;39H[51;38H[K[52;71H2[51;38H[52;71H1[51;37He:[52;71H2[51;38H[52;71H3[51;39H [31m'[m[52;71H4[51;40H[31m't[m[52;71H5[51;41H[31mtr[m[52;71H6[51;42H[31mr'[m[52;71H7[51;43H[31m'[m,[52;71H8[51;44H[52;71H9[51;45H [31m'[m[52;70H20[51;46H[31m'a[m[52;71H1[51;47H[31ma-[m[52;71H2[51;48H[31m-z[m[52;71H3[51;49H[31mz'[m[52;71H4[51;50H[31m'[m,[52;71H5[51;51H[52;71H6[51;52H [31m'[m[52;71H7[51;53H[31m'e[m[52;71H8[51;54H[31mec[m[52;71H9[51;55H[31mch[m[52;70H30[51;56H[31mho[m[52;71H1[51;57H[31mo'[m[52;71H2[51;58H[31m'[m)[51;34H[46m([23C)[m[52;71H3[51;59H[46m)[m.[51;34H([23C)[52;71H4[51;60H[52;71H5[51;61H[52;71H6[51;62H[52;71H5[51;61H I[52;71H6[51;62H[52;71H7[51;63H b[52;71H8[51;64Hbe[52;71H9[51;65Hel[52;70H40[51;66Hli[52;71H1[51;67Hie[52;71H2[51;68Hev[52;71H3[51;69Hve[52;71H4[51;70H[52;71H5[51;71H t[52;71H6[51;72Hth[52;71H7[51;73Hhi[52;71H8[51;74His[52;71H9[51;75H[52;70H50[51;76H b[52;71H1[51;77Hbu[52;71H2[51;78Hug[52;71H3[51;79H[52;71H4[51;80H l[52;71H5[51;81Hli[52;71H6[51;82H[1;51r[51;1H
[1;52r[50;81Hie[51;1H[33m135 [m[52;65H[K[52;65H134,157[7C89%[51;5H[33m    [ms[52;71H8[8C8[51;6H[52;71H9[51;7H i[52;70H60[51;8Hin[52;71H1[51;9H[52;71H2[51;10H t[52;71H3[51;11H[51;10H[K[52;71H2[51;10H[52;71H1[51;9H[51;8H[K[52;71H0[51;8H[51;7H[K[52;70H59[51;7H[52;71H8[51;6H[52;71H9[51;7H w[52;70H60[51;8Hwi[52;71H1[51;9Hit[52;71H2[51;10Hth[52;71H3[51;11Hhi[52;71H4[51;12Hin[52;71H5[51;13H[52;71H6[51;14H t[52;71H7[51;15Hth[52;71H8[51;16Hhe[52;71H9[51;17H[52;70H70[51;18H p[52;71H1[51;19Hpr[52;71H2[51;20Hro[52;71H3[51;21Hoc[52;71H4[51;22Hce[52;71H5[51;23Hes[52;71H6[51;24Hss[52;71H7[51;25H[52;71H8[51;26H w[52;71H9[51;27Hwh[52;70H80[51;28Hhe[52;71H1[51;29Hen[52;71H2[51;30H[52;71H3[51;31H a[52;71H4[51;32H[52;71H5[51;33H c[52;71H6[51;34Hco[52;71H7[51;35Hom[52;71H8[51;36Hmm[52;71H9[51;37Hma[52;70H90[51;38Han[52;71H1[51;39Hnd[52;71H2[51;40H[52;71H3[51;41H f[52;71H4[51;42Hfa[52;71H5[51;43Hai[52;71H6[51;44H[51;43H[K[52;71H5[51;43H[51;42H[K[52;71H4[51;42H[51;41H[K[52;71H3[51;41H[52;71H2[51;40H[51;39H[K[52;71H1[51;39H[51;38H[K[52;71H0[51;38H[51;37H[K[52;70H89[51;37H[51;36H[K[52;71H8[51;36H[51;35H[K[52;71H7[51;35H[51;34H[K[52;71H6[51;34H[51;33H[K[52;71H5[51;33H[52;71H4[51;32H[51;31H[K[52;71H3[51;31H[52;71H2[51;30H[51;29H[K[52;71H1[51;29H[51;28H[K[52;71H0[51;28H[51;27H[K[52;70H79[51;27H[51;26H[K[52;71H8[51;26H[52;71H7[51;25H[51;24H[K[52;71H6[51;24H[51;23H[K[52;71H5[51;23H[51;22H[K[52;71H4[51;22H[51;21H[K[52;71H3[51;21H[51;20H[K[52;71H2[51;20H[51;19H[K[52;71H1[51;19H[51;18H[K[52;71H0[51;18H[52;70H69[51;17H[51;16H[K[52;71H8[51;16H[51;15H[K[52;71H7[51;15H[51;14H[K[52;71H6[51;14H[52;71H5[51;13H[51;12H[K[52;71H4[51;12H[51;11H[K[52;71H3[51;11H[51;10H[K[52;71H2[51;10H[51;9H[K[52;71H1[51;9H[51;8H[K[52;71H0[51;8H[51;7H[K[52;70H59[51;7H[52;71H8[51;6H[33m135[m[51;5H[K[52;71H7[8C9[51;5H[50;82H[K[52;71H6[50;82H[50;81H[K[52;71H5[50;81H[50;80H[K[52;71H4[50;80H i[52;71H5[50;81His[52;71H6[50;82H[52;71H7[51;5H[33m    [mc[52;71H8[8C8[51;6Hca[52;71H9[51;7Hau[52;70H60[51;8Hus[52;71H1[51;9Hse[52;71H2[51;10Hed[52;71H3[51;11H[52;71H4[51;12H w[52;71H5[51;13Hwh[52;71H6[51;14Hhe[52;71H7[51;15Hen[52;71H8[51;16H[52;71H9[51;17H a[52;70H70[51;18H[52;71H1[51;19H c[52;71H2[51;20H[51;19H[K[52;71H1[51;19H f[52;71H2[51;20Hfu[52;71H3[51;21Hul[52;71H4[51;22Hll[52;71H5[51;23H[52;71H6[51;24H c[52;71H7[51;25Hco[52;71H8[51;26Hom[52;71H9[51;27Hmm[52;70H80[51;28Hma[52;71H1[51;29Han[52;71H2[51;30Hnd[52;71H3[51;31H[52;71H4[51;32H i[52;71H5[51;33His[52;71H6[51;34H[52;71H7[51;35H i[52;71H8[51;36Hin[52;71H9[51;37Hnv[52;70H90[51;38Hva[52;71H1[51;39Hal[52;71H2[51;40Hli[52;71H3[51;41Hid[52;71H4[51;42H[52;71H5[51;43H a[52;71H6[51;44Han[52;71H7[51;45H[52;71H8[51;46H d[52;71H9[51;47Hdi[52;69H200[51;48Hit[52;71H1[51;49H[52;71H2[51;50H[52;71H1[51;49H[51;48H[K[52;71H0[51;48H[51;47H[K[52;69H199[51;47H[51;46H[K[52;71H8[51;46H[52;71H7[51;45Hnd[52;71H8[51;46H[52;71H9[51;47H i[52;69H200[51;48Hit[52;71H1[51;49H[52;71H2[51;50H o[52;71H3[51;51Hon[52;71H4[51;52Hnl[52;71H5[51;53Hly[52;71H6[51;54H[52;71H7[51;55H e[52;71H8[51;56Hex[52;71H9[51;57Hxe[52;70H10[51;58Hec[52;71H1[51;59Hcu[52;71H2[51;60Hut[52;71H3[51;61Hte[52;71H4[51;62Hes[52;71H5[51;63H[52;71H6[51;64H p[52;71H7[51;65Hpa[52;71H8[51;66Har[52;71H9[51;67Hrt[52;70H20[51;68Hti[52;71H1[51;69Hia[52;71H2[51;70Hal[52;71H3[51;71Hll[52;71H4[51;72Hly[52;71H5[51;73Hy.[52;71H6[51;74H[1;51r[51;1H
[1;52r[51;1H[33m135 [m[52;65H[K[52;65H135,1[9C88%[51;5H[1;51r[51;1H
[1;52r[51;1H[33m136 [m[52;65H[K[52;65H136,1[9C88%[51;5H[33m [m1[52;69H2[51;6H13[52;69H3[51;7H3.[52;69H4[51;8H[52;69H5[51;9H T[52;69H6[51;10HTh[52;69H7[51;11Hhe[52;69H8[51;12H[52;69H9[51;13H p[52;69H10[51;14Hpr[52;70H1[51;15Hre[52;70H2[51;16Hev[52;70H3[51;17Hvi[52;70H4[51;18Hio[52;70H5[51;19Hos[52;70H6[51;20H[51;19H[K[52;70H5[51;19Hou[52;70H6[51;20Hus[52;70H7[51;21H[52;70H8[51;22H R[52;70H9[51;23HRS[52;69H20[51;24HSH[52;70H1[51;25HHE[52;70H2[51;26HEL[52;70H3[51;27HLL[52;70H4[51;28H[52;70H5[51;29H i[52;70H6[51;30Him[52;70H7[51;31Hmp[52;70H8[51;32Hpl[52;70H9[51;33Hle[52;69H30[51;34Hem[52;70H1[51;35Hmn[52;70H2[51;36Hne[52;70H3[51;37Het[52;70H4[51;38Hta[52;70H5[51;39Hat[52;70H6[51;40Hti[52;70H7[51;41H[51;40H[K[52;70H6[51;40H[51;39H[K[52;70H5[51;39H[51;38H[K[52;70H4[51;38H[51;37H[K[52;70H3[51;37H[51;36H[K[52;70H2[51;36H[51;35H[K[52;70H1[51;35Hme[52;70H2[51;36Hen[52;70H3[51;37Hna[52;70H4[51;38Hat[52;70H5[51;39Htt[52;70H6[51;40H[51;39H[K[52;70H5[51;39Hta[52;70H6[51;40Hat[52;70H7[51;41Hti[52;70H8[51;42Hio[52;70H9[51;43Hon[52;69H40[51;44H[52;70H1[51;45H w[52;70H2[51;46Hwa[52;70H3[51;47Has[52;70H4[51;48H[52;70H5[51;49H e[52;70H6[51;50Hef[52;70H7[51;51Hff[52;70H8[51;52Hfe[52;70H9[51;53Hec[52;69H50[51;54Hct[52;70H1[51;55Hte[52;70H2[51;56Hed[52;70H3[51;57H[52;70H4[51;58H b[52;70H5[51;59Hby[52;70H6[51;60H[52;70H7[51;61H t[52;70H8[51;62Hth[52;70H9[51;63Hhe[52;69H60[51;64H[52;70H1[51;65H n[52;70H2[51;66Hne[52;70H3[51;67Hew[52;70H4[51;68H[52;70H5[51;69H v[52;70H6[51;70Hve[52;70H7[51;71Her[52;70H8[51;72Hrs[52;70H9[51;73Hsi[52;69H70[51;74Hio[52;70H1[51;75Hon[52;70H2[51;76Hn.[52;70H3[51;77H..[52;70H4[51;78H[52;70H5[51;79H S[52;70H6[51;80HSt[52;70H7[51;81Hti[52;70H8[51;82H[1;51r[1;1H[2M[1;52r[49;81Hil[50;1H[33m137 
138 [mLS[52;65H[K[52;65H136,79[8C90%[50;5H[33m    [ml[51;2H[33m37[m[51;5H[K[52;69H80[8C89[50;6H[52;70H1[50;7H[52;70H2[50;8H[52;70H1[50;7H[52;70H0[50;6H[52;70H1[50;7H u[52;70H2[50;8Hun[52;70H3[50;9Hns[52;70H4[50;10Hsu[52;70H5[50;11Hur[52;70H6[50;12Hre[52;70H7[50;13H[52;70H8[50;14H a[52;70H9[50;15Has[52;69H90[50;16H[52;70H1[50;17H t[52;70H2[50;18Hto[52;70H3[50;19H[52;70H4[50;20H t[52;70H5[50;21Hth[52;70H6[50;22Hhe[52;70H7[50;23H[52;70H8[50;24H s[52;70H9[50;25Hse[52;69H100[50;26Hev[52;71H1[50;27Hve[52;71H2[50;28Her[52;71H3[50;29Hri[52;71H4[50;30Hit[52;71H5[50;31Hty[52;71H6[50;32Hy.[52;71H7[50;33H[52;67H7,1  [8C8[51;5H[1;51r[51;1H
[1;52r[51;1H[33m138 [m[52;65H[K[52;65H138,1[9C88%[51;5H[33m [m1[52;69H2[51;6H14[52;69H3[51;7H4.[52;69H4[51;8H[52;69H5[51;9H[52;69H4[51;8H[51;7H[K[52;69H3[51;7H[51;6H[K[52;69H2[51;6H[51;5H[K[52;69H1[51;5H[52;67H7[12C9[50;5H[51;4H[33m [mLS[52;67H6,107[7C90[49;33H[52;71H8[49;34H ([52;71H9[49;35H(i[52;70H10[49;36Hie[52;71H1[49;37He:[52;71H2[49;38H[52;71H3[49;39H [31m'[51;5HLS[m[52;71H4[49;40H[31m'e[m[52;71H5[49;41H[31mec[m[52;71H6[49;42H[31mch[m[52;71H7[49;43H[31mho[m[52;71H8[49;44H[31m [m[52;71H9[49;45H[31m h[m[52;70H20[49;46H[31mhe[m[52;71H1[49;47H[31mey[m[52;71H2[49;48H[31m [m[52;71H3[49;49H[31m &[m[52;71H4[49;50H[31m&&[m[52;71H5[49;51H[31m [m[52;71H6[49;52H[31m f[m[52;71H7[49;53H[31mfa[m[52;71H8[49;54H[31mar[m[52;71H9[49;55H[31mrt[m[52;70H30[49;56H[31mt'[m[51;5HLS[52;71H1[49;57H[52;71H2[49;58H e[52;71H3[49;59Hex[52;71H4[49;60Hxe[52;71H5[49;61Hec[52;71H6[49;62Hcu[52;71H7[49;63Hut[52;71H8[49;64Hte[52;71H9[49;65Hes[52;70H40[49;66H[52;71H1[49;67H w[52;71H2[49;68Hwh[52;71H3[49;69Hhe[52;71H4[49;70Hen[52;71H5[49;71H[52;71H6[49;72H i[52;71H7[49;73Hit[52;71H8[49;74H[52;71H9[49;75H t[52;70H50[49;76Hte[52;71H1[49;77Hec[52;71H2[49;78Hch[52;71H3[49;79H[49;78H[K[52;71H2[49;78H[49;77H[K[52;71H1[49;77H[49;76H[K[52;71H0[49;76H[49;75H[K[52;70H49[49;75H s[52;70H50[49;76Hsh[52;71H1[49;77Hho[52;71H2[49;78Hou[52;71H3[49;79Hul[52;71H4[49;80Hld[52;71H5[49;81H[52;71H6[49;82H n[52;71H7[50;5H[33m    [mo[51;2H[33m37[m[51;5H[K[52;71H8[7C89[50;6Hot[52;71H9[50;7Ht)[49;34H[46m([m[47Cnn[50;1H[33m [m[5C[46m)[m[52;70H60[50;8H[46m)[m.[49;34H([47Cnn[50;1H[33m [m[5C)[52;71H1[50;9H[52;1H[K[50;8H[52;65H136,160[7C89%[50;8H[52;65H[K[52;1H:w"README.md" 149L, 5454C written[33C136,160[7C89%[52;65H